 zlibwapi

 Timestamp is 5bfcddd2 (Tue Nov 27 07:01:54 2018)

 Preferred load address is 10000000

 Start         Length     Name                   Class
 0001:00000000 0005248dH .text$mn                CODE
 0001:0005248d 0000006bH .text$x                 CODE
 0002:00000000 0000014cH .idata$5                DATA
 0002:0000014c 00000004H .00cfg                  DATA
 0002:00000150 00000004H .CRT$XCA                DATA
 0002:00000154 00000004H .CRT$XCZ                DATA
 0002:00000158 00000004H .CRT$XIA                DATA
 0002:0000015c 0000000cH .CRT$XIC                DATA
 0002:00000168 00000004H .CRT$XIZ                DATA
 0002:0000016c 00000004H .CRT$XPA                DATA
 0002:00000170 00000008H .CRT$XPX                DATA
 0002:00000178 00000004H .CRT$XPXA               DATA
 0002:0000017c 00000004H .CRT$XPZ                DATA
 0002:00000180 00000004H .CRT$XTA                DATA
 0002:00000184 0000000cH .CRT$XTZ                DATA
 0002:00000188 00000000H .gfids$y                DATA
 0002:00000190 0000b6e0H .rdata                  DATA
 0002:0000b870 000002a0H .rdata$r                DATA
 0002:0000bb10 00000330H .rdata$zzzdbg           DATA
 0002:0000be40 00000004H .rtc$IAA                DATA
 0002:0000be44 00000004H .rtc$IZZ                DATA
 0002:0000be48 00000004H .rtc$TAA                DATA
 0002:0000be4c 00000004H .rtc$TZZ                DATA
 0002:0000be50 00000a70H .xdata$x                DATA
 0002:0000c8c0 00000cfcH .edata                  DATA
 0002:0000d5bc 00000014H .idata$2                DATA
 0002:0000d5d0 00000014H .idata$3                DATA
 0002:0000d5e4 0000014cH .idata$4                DATA
 0002:0000d730 00000606H .idata$6                DATA
 0003:00000000 000008b0H .data                   DATA
 0003:000008b0 00000110H .data$r                 DATA
 0003:000009c0 000012c0H .bss                    DATA
 0004:00000000 00000060H .rsrc$01                DATA
 0004:00000060 00000338H .rsrc$02                DATA

  Address         Publics by Value              Rva+Base       Lib:Object

 0000:00000000       ___hybrid_code_map_count   00000000     <absolute>
 0000:00000000       ___safe_se_handler_count   00000000     <absolute>
 0000:00000000       ___enclave_config          00000000     <absolute>
 0000:00000000       ___guard_iat_table         00000000     <absolute>
 0000:00000000       ___safe_se_handler_table   00000000     <absolute>
 0000:00000000       ___hybrid_code_map         00000000     <absolute>
 0000:00000000       ___dynamic_value_reloc_table 00000000     <absolute>
 0000:00000000       ___guard_fids_table        00000000     <absolute>
 0000:00000000       ___guard_iat_count         00000000     <absolute>
 0000:00000000       __except_list              00000000     <absolute>
 0000:00000000       ___guard_fids_count        00000000     <absolute>
 0000:00000000       ___guard_longjmp_count     00000000     <absolute>
 0000:00000000       ___volatile_metadata       00000000     <absolute>
 0000:00000000       ___guard_longjmp_table     00000000     <absolute>
 0000:00000000       ___hybrid_auxiliary_iat    00000000     <absolute>
 0000:00000100       ___guard_flags             00000100     <absolute>
 0000:00000000       ___ImageBase               10000000     <linker-defined>
 0001:00000000       _adler32_z@12              10001000 f   adler32.obj
 0001:00000280       _adler32@12                10001280 f   adler32.obj
 0001:00000360       _adler32_combine@12        10001360 f   adler32.obj
 0001:00000380       _compress2@20              10001380 f   compress.obj
 0001:00000460       _compress@16               10001460 f   compress.obj
 0001:00000480       _compressBound@4           10001480 f   compress.obj
 0001:000004a0       _get_crc_table@0           100014a0 f   crc32.obj
 0001:000004b0       _crc32_z@12                100014b0 f   crc32.obj
 0001:000004e0       _crc32@12                  100014e0 f   crc32.obj
 0001:00000bb0       _crc32_combine@12          10001bb0 f   crc32.obj
 0001:00000c40       _deflateInit_@16           10001c40 f   deflate.obj
 0001:00000c60       _deflateInit2_@32          10001c60 f   deflate.obj
 0001:00000ef0       _deflateSetDictionary@12   10001ef0 f   deflate.obj
 0001:00001090       _deflateGetDictionary@12   10002090 f   deflate.obj
 0001:000010f0       _deflateResetKeep@4        100020f0 f   deflate.obj
 0001:000011a0       _deflateReset@4            100021a0 f   deflate.obj
 0001:000011d0       _deflateSetHeader@8        100021d0 f   deflate.obj
 0001:00001200       _deflatePending@12         10002200 f   deflate.obj
 0001:00001240       _deflatePrime@12           10002240 f   deflate.obj
 0001:000012e0       _deflateParams@12          100022e0 f   deflate.obj
 0001:00001430       _deflateTune@20            10002430 f   deflate.obj
 0001:00001480       _deflateBound@8            10002480 f   deflate.obj
 0001:000015f0       _deflate@8                 100025f0 f   deflate.obj
 0001:00001eb0       _deflateEnd@4              10002eb0 f   deflate.obj
 0001:00001f60       _deflateCopy@8             10002f60 f   deflate.obj
 0001:000033f0       _gzclose@4                 100043f0 f   gzclose.obj
 0001:00003420       ___local_stdio_printf_options 10004420 f i gzlib.obj
 0001:00003430       _vsnprintf                 10004430 f i gzlib.obj
 0001:00003470       _snprintf                  10004470 f i gzlib.obj
 0001:00003820       _gzopen@8                  10004820 f   gzlib.obj
 0001:00003840       _gzdopen@8                 10004840 f   gzlib.obj
 0001:000038a0       _gzopen_w@8                100048a0 f   gzlib.obj
 0001:000038c0       _gzbuffer@8                100048c0 f   gzlib.obj
 0001:00003910       _gzrewind@4                10004910 f   gzlib.obj
 0001:00003970       _gzseek64@16               10004970 f   gzlib.obj
 0001:00003b00       _gzseek@12                 10004b00 f   gzlib.obj
 0001:00003b40       _gztell64@4                10004b40 f   gzlib.obj
 0001:00003ba0       _gztell@4                  10004ba0 f   gzlib.obj
 0001:00003bd0       _gzoffset64@4              10004bd0 f   gzlib.obj
 0001:00003c20       _gzoffset@4                10004c20 f   gzlib.obj
 0001:00003c50       _gzeof@4                   10004c50 f   gzlib.obj
 0001:00003c80       _gzerror@8                 10004c80 f   gzlib.obj
 0001:00003cd0       _gzclearerr@4              10004cd0 f   gzlib.obj
 0001:00003d20       _gz_error                  10004d20 f   gzlib.obj
 0001:000043f0       _gzread@12                 100053f0 f   gzread.obj
 0001:00004460       _gzfread@16                10005460 f   gzread.obj
 0001:000044e0       _gzgetc@4                  100054e0 f   gzread.obj
 0001:00004550       _gzgetc_@4                 10005550 f   gzread.obj
 0001:00004560       _gzungetc@8                10005560 f   gzread.obj
 0001:00004660       _gzgets@12                 10005660 f   gzread.obj
 0001:00004790       _gzdirect@4                10005790 f   gzread.obj
 0001:000047d0       _gzclose_r@4               100057d0 f   gzread.obj
 0001:00004c40       _gzwrite@12                10005c40 f   gzwrite.obj
 0001:00004c90       _gzfwrite@16               10005c90 f   gzwrite.obj
 0001:00004d00       _gzputc@8                  10005d00 f   gzwrite.obj
 0001:00004dd0       _gzputs@8                  10005dd0 f   gzwrite.obj
 0001:00004e20       _gzvprintf                 10005e20 f   gzwrite.obj
 0001:00004f50       _gzprintf                  10005f50 f   gzwrite.obj
 0001:00004f70       _gzflush@8                 10005f70 f   gzwrite.obj
 0001:00004fe0       _gzsetparams@12            10005fe0 f   gzwrite.obj
 0001:000050a0       _gzclose_w@4               100060a0 f   gzwrite.obj
 0001:00005170       _inflateBackInit_@20       10006170 f   infback.obj
 0001:00005270       _inflateBack@20            10006270 f   infback.obj
 0001:00006070       _inflateBackEnd@4          10007070 f   infback.obj
 0001:000060b0       _inflate_fast              100070b0 f   inffast.obj
 0001:00006540       _inflateResetKeep@4        10007540 f   inflate.obj
 0001:000065e0       _inflateReset@4            100075e0 f   inflate.obj
 0001:00006620       _inflateReset2@8           10007620 f   inflate.obj
 0001:000066b0       _inflateInit2_@16          100076b0 f   inflate.obj
 0001:00006780       _inflateInit_@12           10007780 f   inflate.obj
 0001:000067a0       _inflatePrime@12           100077a0 f   inflate.obj
 0001:00006930       _inflate@8                 10007930 f   inflate.obj
 0001:00008100       _inflateEnd@4              10009100 f   inflate.obj
 0001:00008150       _inflateGetDictionary@12   10009150 f   inflate.obj
 0001:000081c0       _inflateSetDictionary@12   100091c0 f   inflate.obj
 0001:00008260       _inflateGetHeader@8        10009260 f   inflate.obj
 0001:00008320       _inflateSync@4             10009320 f   inflate.obj
 0001:00008410       _inflateSyncPoint@4        10009410 f   inflate.obj
 0001:00008450       _inflateCopy@8             10009450 f   inflate.obj
 0001:000085a0       _inflateUndermine@8        100095a0 f   inflate.obj
 0001:000085d0       _inflateValidate@8         100095d0 f   inflate.obj
 0001:00008610       _inflateMark@4             10009610 f   inflate.obj
 0001:00008680       _inflateCodesUsed@4        10009680 f   inflate.obj
 0001:000086b0       _inflate_table             100096b0 f   inftrees.obj
 0001:00008ac0       _call_zopen64              10009ac0 f   ioapi.obj
 0001:00008ae0       _call_zseek64              10009ae0 f   ioapi.obj
 0001:00008b30       _call_ztell64              10009b30 f   ioapi.obj
 0001:00008b60       _fill_zlib_filefunc64_32_def_from_filefunc32 10009b60 f   ioapi.obj
 0001:00008d70       _fill_fopen64_filefunc     10009d70 f   ioapi.obj
 0001:00008e60       _win32_open64_file_func    10009e60 f   iowin32.obj
 0001:00008ec0       _win32_open64_file_funcA   10009ec0 f   iowin32.obj
 0001:00008f20       _win32_open64_file_funcW   10009f20 f   iowin32.obj
 0001:00008f80       _win32_open_file_func      10009f80 f   iowin32.obj
 0001:00008fe0       _win32_read_file_func      10009fe0 f   iowin32.obj
 0001:00009030       _win32_write_file_func     1000a030 f   iowin32.obj
 0001:000090e0       _win32_tell_file_func      1000a0e0 f   iowin32.obj
 0001:00009130       _win32_tell64_file_func    1000a130 f   iowin32.obj
 0001:00009190       _win32_seek_file_func      1000a190 f   iowin32.obj
 0001:00009200       _win32_seek64_file_func    1000a200 f   iowin32.obj
 0001:00009280       _win32_close_file_func     1000a280 f   iowin32.obj
 0001:000092c0       _win32_error_file_func     1000a2c0 f   iowin32.obj
 0001:000092e0       _fill_win32_filefunc       1000a2e0 f   iowin32.obj
 0001:00009320       _fill_win32_filefunc64     1000a320 f   iowin32.obj
 0001:00009360       _fill_win32_filefunc64A    1000a360 f   iowin32.obj
 0001:000093a0       _fill_win32_filefunc64W    1000a3a0 f   iowin32.obj
 0001:000093f0       __tr_init                  1000a3f0 f   trees.obj
 0001:0000a3c0       __tr_stored_block          1000b3c0 f   trees.obj
 0001:0000a4c0       __tr_flush_bits            1000b4c0 f   trees.obj
 0001:0000a4d0       __tr_align                 1000b4d0 f   trees.obj
 0001:0000a5b0       __tr_flush_block           1000b5b0 f   trees.obj
 0001:0000ad70       _uncompress2@16            1000bd70 f   uncompr.obj
 0001:0000aea0       _uncompress@16             1000bea0 f   uncompr.obj
 0001:0000b220       _unzStringFileNameCompare@12 1000c220 f   unzip.obj
 0001:0000bae0       _unzOpen2@8                1000cae0 f   unzip.obj
 0001:0000bb30       _unzOpen2_64@8             1000cb30 f   unzip.obj
 0001:0000bb90       _unzOpen@4                 1000cb90 f   unzip.obj
 0001:0000bbb0       _unzOpen64@4               1000cbb0 f   unzip.obj
 0001:0000bbd0       _unzClose@4                1000cbd0 f   unzip.obj
 0001:0000bc10       _unzGetGlobalInfo64@8      1000cc10 f   unzip.obj
 0001:0000bc40       _unzGetGlobalInfo@8        1000cc40 f   unzip.obj
 0001:0000c2a0       _unzGetCurrentFileInfo64@32 1000d2a0 f   unzip.obj
 0001:0000c2d0       _unzGetCurrentFileInfo@32  1000d2d0 f   unzip.obj
 0001:0000c390       _unzGoToFirstFile@4        1000d390 f   unzip.obj
 0001:0000c400       _unzGoToNextFile@4         1000d400 f   unzip.obj
 0001:0000c4b0       _unzLocateFile@12          1000d4b0 f   unzip.obj
 0001:0000c660       _unzGetFilePos64@8         1000d660 f   unzip.obj
 0001:0000c6b0       _unzGetFilePos@8           1000d6b0 f   unzip.obj
 0001:0000c6e0       _unzGoToFilePos64@8        1000d6e0 f   unzip.obj
 0001:0000c750       _unzGoToFilePos@8          1000d750 f   unzip.obj
 0001:0000c9f0       _unzOpenCurrentFile3@20    1000d9f0 f   unzip.obj
 0001:0000cc70       _unzOpenCurrentFile@4      1000dc70 f   unzip.obj
 0001:0000cc90       _unzOpenCurrentFilePassword@8 1000dc90 f   unzip.obj
 0001:0000ccb0       _unzOpenCurrentFile2@16    1000dcb0 f   unzip.obj
 0001:0000ccd0       _unzGetCurrentFileZStreamPos64@4 1000dcd0 f   unzip.obj
 0001:0000cd10       _unzReadCurrentFile@12     1000dd10 f   unzip.obj
 0001:0000cff0       _unztell@4                 1000dff0 f   unzip.obj
 0001:0000d020       _unztell64@4               1000e020 f   unzip.obj
 0001:0000d050       _unzeof@4                  1000e050 f   unzip.obj
 0001:0000d090       _unzGetLocalExtrafield@12  1000e090 f   unzip.obj
 0001:0000d160       _unzCloseCurrentFile@4     1000e160 f   unzip.obj
 0001:0000d1f0       _unzGetGlobalComment@12    1000e1f0 f   unzip.obj
 0001:0000de20       _LoadCentralDirectoryRecord 1000ee20 f   zip.obj
 0001:0000e2e0       _zipOpen3@16               1000f2e0 f   zip.obj
 0001:0000e450       _zipOpen2@16               1000f450 f   zip.obj
 0001:0000e4a0       _zipOpen2_64@16            1000f4a0 f   zip.obj
 0001:0000e500       _zipOpen@8                 1000f500 f   zip.obj
 0001:0000e520       _zipOpen64@8               1000f520 f   zip.obj
 0001:0000e540       _Write_LocalFileHeader     1000f540 f   zip.obj
 0001:0000e780       _zipOpenNewFileInZip4_64@76 1000f780 f   zip.obj
 0001:0000ecb0       _zipOpenNewFileInZip3@64   1000fcb0 f   zip.obj
 0001:0000ed00       _zipOpenNewFileInZip3_64@68 1000fd00 f   zip.obj
 0001:0000ed50       _zipOpenNewFileInZip2@44   1000fd50 f   zip.obj
 0001:0000ed90       _zipOpenNewFileInZip2_64@48 1000fd90 f   zip.obj
 0001:0000edd0       _zipOpenNewFileInZip64@44  1000fdd0 f   zip.obj
 0001:0000ee10       _zipOpenNewFileInZip@40    1000fe10 f   zip.obj
 0001:0000ef10       _zipWriteInFileInZip@12    1000ff10 f   zip.obj
 0001:0000f030       _zipCloseFileInZipRaw@12   10010030 f   zip.obj
 0001:0000f050       _zipCloseFileInZipRaw64@16 10010050 f   zip.obj
 0001:0000f550       _zipCloseFileInZip@4       10010550 f   zip.obj
 0001:0000f570       _Write_Zip64EndOfCentralDirectoryLocator 10010570 f   zip.obj
 0001:0000f5f0       _Write_Zip64EndOfCentralDirectoryRecord 100105f0 f   zip.obj
 0001:0000f710       _Write_EndOfCentralDirectoryRecord 10010710 f   zip.obj
 0001:0000f840       _Write_GlobalComment       10010840 f   zip.obj
 0001:0000f8b0       _zipClose@8                100108b0 f   zip.obj
 0001:0000fa40       _zlibVersion@0             10010a40 f   zutil.obj
 0001:0000fa50       _zlibCompileFlags@0        10010a50 f   zutil.obj
 0001:0000fa60       _zError@4                  10010a60 f   zutil.obj
 0001:0000fa80       _zcalloc                   10010a80 f   zutil.obj
 0001:0000faa0       _zcfree                    10010aa0 f   zutil.obj
 0001:0000fab0       _longest_match             10010ab0 f   match686.obj
 0001:0000fc94       _match_init                10010c94 f   match686.obj
 0001:0000fc95       _ReadFile@20               10010c95 f   kernel32:KERNEL32.dll
 0001:0000fc9b       _WriteFile@20              10010c9b f   kernel32:KERNEL32.dll
 0001:0000fca1       _SetFilePointer@16         10010ca1 f   kernel32:KERNEL32.dll
 0001:0000fca7       _CreateFileW@28            10010ca7 f   kernel32:KERNEL32.dll
 0001:0000fcad       _GetLastError@0            10010cad f   kernel32:KERNEL32.dll
 0001:0000fcb3       _CreateFileA@28            10010cb3 f   kernel32:KERNEL32.dll
 0001:0000fcb9       _CloseHandle@4             10010cb9 f   kernel32:KERNEL32.dll
 0001:0000ffdf       __CRT_INIT@12              10010fdf f   LIBCMT:dll_dllmain.obj
 0001:0000ffe8       __DllMainCRTStartup@12     10010fe8 f   LIBCMT:dll_dllmain.obj
 0001:00010058       ___security_init_cookie    10011058 f   LIBCMT:gs_support.obj
 0001:000100a3       _DllMain@12                100110a3 f   LIBCMT:dll_dllmain_stub.obj
 0001:000100a9       ?__scrt_initialize_type_info@@YAXXZ 100110a9 f   LIBCMT:tncleanup.obj
 0001:000100b5       ?__scrt_uninitialize_type_info@@YAXXZ 100110b5 f   LIBCMT:tncleanup.obj
 0001:000100c1       ___local_stdio_scanf_options 100110c1 f i LIBCMT:default_local_stdio_options.obj
 0001:000100c7       ___scrt_initialize_default_local_stdio_options 100110c7 f   LIBCMT:default_local_stdio_options.obj
 0001:000100e4       ??$__crt_fast_decode_pointer@PAP6AXXZ@@YAPAP6AXXZQAP6AXXZ@Z 100110e4 f i LIBCMT:utility.obj
 0001:000100f8       ??$__crt_fast_encode_pointer@PAP6AXXZ@@YAPAP6AXXZQAP6AXXZ@Z 100110f8 f i LIBCMT:utility.obj
 0001:00010115       ?__crt_rotate_pointer_value@@YAIIH@Z 10011115 f i LIBCMT:utility.obj
 0001:00010122       ?configure_argv@__scrt_narrow_argv_policy@@SAHXZ 10011122 f i LIBCMT:utility.obj
 0001:00010173       ?initialize_environment@__scrt_narrow_environment_policy@@SAHXZ 10011173 f i LIBCMT:utility.obj
 0001:000101ac       _NtCurrentTeb              100111ac f i LIBCMT:utility.obj
 0001:000101b3       ___scrt_acquire_startup_lock 100111b3 f   LIBCMT:utility.obj
 0001:000101e5       ___scrt_dllmain_after_initialize_c 100111e5 f   LIBCMT:utility.obj
 0001:00010210       ___scrt_dllmain_before_initialize_c 10011210 f   LIBCMT:utility.obj
 0001:0001021e       ___scrt_dllmain_crt_thread_attach 1001121e f   LIBCMT:utility.obj
 0001:0001023d       ___scrt_dllmain_crt_thread_detach 1001123d f   LIBCMT:utility.obj
 0001:0001024a       ___scrt_dllmain_exception_filter 1001124a f   LIBCMT:utility.obj
 0001:0001027e       ___scrt_dllmain_uninitialize_c 1001127e f   LIBCMT:utility.obj
 0001:000102a1       ___scrt_dllmain_uninitialize_critical 100112a1 f   LIBCMT:utility.obj
 0001:000102ae       ___scrt_initialize_crt     100112ae f   LIBCMT:utility.obj
 0001:000102e7       ___scrt_initialize_onexit_tables 100112e7 f   LIBCMT:utility.obj
 0001:0001038c       ___scrt_is_nonwritable_in_current_image 1001138c f   LIBCMT:utility.obj
 0001:00010420       ___scrt_release_startup_lock 10011420 f   LIBCMT:utility.obj
 0001:0001043d       ___scrt_uninitialize_crt   1001143d f   LIBCMT:utility.obj
 0001:00010465       __onexit                   10011465 f   LIBCMT:utility.obj
 0001:000104a0       _at_quick_exit             100114a0 f   LIBCMT:utility.obj
 0001:000104d1       _atexit                    100114d1 f   LIBCMT:utility.obj
 0001:000104e6       ___scrt_get_dyn_tls_init_callback 100114e6 f   LIBCMT:dyn_tls_init.obj
 0001:000104ec       ___scrt_fastfail           100114ec f   LIBCMT:utility_desktop.obj
 0001:00010606       ___scrt_get_show_window_mode 10011606 f   LIBCMT:utility_desktop.obj
 0001:00010637       ___scrt_initialize_mta     10011637 f   LIBCMT:utility_desktop.obj
 0001:0001063c       ___scrt_initialize_winrt   1001163c f   LIBCMT:utility_desktop.obj
 0001:0001063f       ___scrt_is_managed_app     1001163f f   LIBCMT:utility_desktop.obj
 0001:00010682       ___scrt_set_unhandled_exception_filter 10011682 f   LIBCMT:utility_desktop.obj
 0001:0001068e       ___scrt_exe_initialize_mta 1001168e f   LIBCMT:utility_desktop.obj
 0001:0001068e       ___scrt_stub_for_initialize_mta 1001168e f   LIBCMT:utility_desktop.obj
 0001:00010691       ___scrt_unhandled_exception_filter@4 10011691 f   LIBCMT:utility_desktop.obj
 0001:000106d2       __crt_debugger_hook        100116d2 f   LIBCMT:utility_desktop.obj
 0001:000106da       __RTC_Initialize           100116da f   LIBCMT:_initsect_.obj
 0001:00010706       __RTC_Terminate            10011706 f   LIBCMT:_initsect_.obj
 0001:00010740       __SEH_prolog4              10011740 f   LIBCMT:_sehprolg4_.obj
 0001:00010786       __SEH_epilog4              10011786 f   LIBCMT:_sehprolg4_.obj
 0001:0001079b       @_guard_check_icall_nop@4  1001179b f i LIBCMT:guard_support.obj
 0001:0001079c       _ReadNoFence               1001179c f i LIBCMT:guard_support.obj
 0001:000107a6       _ReadPointerNoFence        100117a6 f i LIBCMT:guard_support.obj
 0001:000107b0       __guard_icall_checks_enforced 100117b0 f i LIBCMT:guard_support.obj
 0001:000107c2       ___isa_available_init      100117c2 f   LIBCMT:_cpu_disp_.obj
 0001:00010959       __get_startup_argv_mode    10011959 f   LIBCMT:argv_mode.obj
 0001:0001095d       ___scrt_is_ucrt_dll_in_use 1001195d f   LIBCMT:ucrt_detection.obj
 0001:00010969       @__security_check_cookie@4 10011969 f   LIBCMT:_secchk_.obj
 0001:0001097a       ___raise_securityfailure   1001197a f   LIBCMT:gs_report.obj
 0001:000109a2       ___report_gsfailure        100119a2 f   LIBCMT:gs_report.obj
 0001:00010a9b       ___report_rangecheckfailure 10011a9b f   LIBCMT:gs_report.obj
 0001:00010aa7       ___report_securityfailure  10011aa7 f   LIBCMT:gs_report.obj
 0001:00010b75       ___report_securityfailureEx 10011b75 f   LIBCMT:gs_report.obj
 0001:00010cd0       __except_handler4          10011cd0 f   libvcruntime:_chandler4_.obj
 0001:00010e35       ??$?RD@__crt_internal_free_policy@@QBEXQBD@Z 10011e35 f i libvcruntime:std_type_info.obj
 0001:00010e45       ??$?RX@__crt_internal_free_policy@@QBEXQBX@Z 10011e45 f i libvcruntime:std_type_info.obj
 0001:00010e55       ??$__crt_interlocked_compare_exchange_pointer@$$CBDPAD$$T@@YAPBDPDSBDQAD$$T@Z 10011e55 f i libvcruntime:std_type_info.obj
 0001:00010e67       ??$__crt_interlocked_read_pointer@$$CBD@@YAPBDPDSBD@Z 10011e67 f i libvcruntime:std_type_info.obj
 0001:00010e71       ??0?$__crt_unique_heap_ptr@DU__crt_internal_free_policy@@@@QAE@QAD@Z 10011e71 f i libvcruntime:std_type_info.obj
 0001:00010e7f       ??0?$__crt_unique_heap_ptr@XU__crt_internal_free_policy@@@@QAE@QAX@Z 10011e7f f i libvcruntime:std_type_info.obj
 0001:00010e8d       ??1?$__crt_unique_heap_ptr@DU__crt_internal_free_policy@@@@QAE@XZ 10011e8d f i libvcruntime:std_type_info.obj
 0001:00010e9d       ??1?$__crt_unique_heap_ptr@XU__crt_internal_free_policy@@@@QAE@XZ 10011e9d f i libvcruntime:std_type_info.obj
 0001:00010eb9       ??B?$__crt_unique_heap_ptr@DU__crt_internal_free_policy@@@@QBE_NXZ 10011eb9 f i libvcruntime:std_type_info.obj
 0001:00010ec0       ??B?$__crt_unique_heap_ptr@XU__crt_internal_free_policy@@@@QBE_NXZ 10011ec0 f i libvcruntime:std_type_info.obj
 0001:00010ee7       ?__crt_interlocked_read_32@@YAHPDH@Z 10011ee7 f i libvcruntime:std_type_info.obj
 0001:00010ef1       ?detach@?$__crt_unique_heap_ptr@XU__crt_internal_free_policy@@@@QAEPAXXZ 10011ef1 f i libvcruntime:std_type_info.obj
 0001:00010ef7       ?get@?$__crt_unique_heap_ptr@DU__crt_internal_free_policy@@@@QBEPADXZ 10011ef7 f i libvcruntime:std_type_info.obj
 0001:00010efa       ?get@?$__crt_unique_heap_ptr@XU__crt_internal_free_policy@@@@QBEPAXXZ 10011efa f i libvcruntime:std_type_info.obj
 0001:00010efd       ?is_valid@?$__crt_unique_heap_ptr@DU__crt_internal_free_policy@@@@QBE_NXZ 10011efd f i libvcruntime:std_type_info.obj
 0001:00010f04       ?is_valid@?$__crt_unique_heap_ptr@XU__crt_internal_free_policy@@@@QBE_NXZ 10011f04 f i libvcruntime:std_type_info.obj
 0001:00010f0b       ?release@?$__crt_unique_heap_ptr@DU__crt_internal_free_policy@@@@QAEXXZ 10011f0b f i libvcruntime:std_type_info.obj
 0001:00010f1b       ?release@?$__crt_unique_heap_ptr@XU__crt_internal_free_policy@@@@QAEXXZ 10011f1b f i libvcruntime:std_type_info.obj
 0001:00010f2b       ___std_type_info_compare   10011f2b f   libvcruntime:std_type_info.obj
 0001:00010f67       ___std_type_info_destroy_list 10011f67 f   libvcruntime:std_type_info.obj
 0001:00010f8a       ___std_type_info_hash      10011f8a f   libvcruntime:std_type_info.obj
 0001:00010fb0       ___std_type_info_name      10011fb0 f   libvcruntime:std_type_info.obj
 0001:00011073       ___vcrt_initialize         10012073 f   libvcruntime:initialization.obj
 0001:0001109c       ___vcrt_thread_attach      1001209c f   libvcruntime:initialization.obj
 0001:000110a7       ___vcrt_thread_detach      100120a7 f   libvcruntime:initialization.obj
 0001:000110b2       ___vcrt_uninitialize       100120b2 f   libvcruntime:initialization.obj
 0001:000110d1       ___vcrt_uninitialize_critical 100120d1 f   libvcruntime:initialization.obj
 0001:000110e0       _memset                    100120e0 f   libvcruntime:memset.obj
 0001:00011240       __local_unwind4            10012240 f   libvcruntime:_exsup4_.obj
 0001:00011318       __seh_longjmp_unwind4@4    10012318 f   libvcruntime:_exsup4_.obj
 0001:00011340       @_EH4_CallFilterFunc@8     10012340 f   libvcruntime:_exsup4_.obj
 0001:00011358       @_EH4_TransferToHandler@8  10012358 f   libvcruntime:_exsup4_.obj
 0001:00011374       @_EH4_GlobalUnwind2@8      10012374 f   libvcruntime:_exsup4_.obj
 0001:00011390       @_EH4_LocalUnwind@16       10012390 f   libvcruntime:_exsup4_.obj
 0001:000113b2       ___except_validate_context_record 100123b2 f   libvcruntime:jbcxrval.obj
 0001:000113e2       ___except_validate_jump_buffer 100123e2 f   libvcruntime:jbcxrval.obj
 0001:0001140f       ___except_validate_jump_buffer_common 1001240f f i libvcruntime:jbcxrval.obj
 0001:00011448       ??0Block@_HeapManager@@QAE@XZ 10012448 f i libvcruntime:undname.obj
 0001:0001144e       ??0DName@@QAE@AAPBDD@Z     1001244e f   libvcruntime:undname.obj
 0001:00011500       ??0DName@@QAE@ABV0@@Z      10012500 f i libvcruntime:undname.obj
 0001:00011516       ??0DName@@QAE@D@Z          10012516 f   libvcruntime:undname.obj
 0001:0001153b       ??0DName@@QAE@PAV0@@Z      1001253b f   libvcruntime:undname.obj
 0001:00011583       ??0DName@@QAE@PBD@Z        10012583 f   libvcruntime:undname.obj
 0001:000115b6       ??0DName@@QAE@W4DNameStatus@@@Z 100125b6 f   libvcruntime:undname.obj
 0001:000115f6       ??0DName@@QAE@XZ           100125f6 f i libvcruntime:undname.obj
 0001:00011600       ??0DName@@QAE@_J@Z         10012600 f   libvcruntime:undname.obj
 0001:0001168c       ??0DName@@QAE@_K@Z         1001268c f   libvcruntime:undname.obj
 0001:000116f2       ??0DNameNode@@IAE@XZ       100126f2 f i libvcruntime:undname.obj
 0001:000116fb       ??0Replicator@@QAE@XZ      100126fb f i libvcruntime:undname.obj
 0001:0001170a       ??0UnDecorator@@QAE@PBDP6APADJ@ZK@Z 1001270a f i libvcruntime:undname.obj
 0001:00011756       ??0charNode@@QAE@D@Z       10012756 f i libvcruntime:undname.obj
 0001:0001176b       ??0pDNameNode@@QAE@PAVDName@@@Z 1001276b f   libvcruntime:undname.obj
 0001:00011793       ??0pairNode@@QAE@PBVDNameNode@@0@Z 10012793 f i libvcruntime:undname.obj
 0001:000117b2       ??0pcharNode@@QAE@PBDH@Z   100127b2 f   libvcruntime:undname.obj
 0001:00011812       ??2@YAPAXIAAV_HeapManager@@H@Z 10012812 f i libvcruntime:undname.obj
 0001:00011827       ??4DName@@QAEAAV0@ABV0@@Z  10012827 f   libvcruntime:undname.obj
 0001:0001183d       ??4DName@@QAEAAV0@D@Z      1001283d f i libvcruntime:undname.obj
 0001:00011862       ??4DName@@QAEAAV0@PAV0@@Z  10012862 f   libvcruntime:undname.obj
 0001:000118a4       ??4DName@@QAEAAV0@PBD@Z    100128a4 f   libvcruntime:undname.obj
 0001:000118cf       ??4DName@@QAEAAV0@W4DNameStatus@@@Z 100128cf f   libvcruntime:undname.obj
 0001:00011901       ??AReplicator@@QBE?AVDName@@H@Z 10012901 f   libvcruntime:undname.obj
 0001:00011947       ??H@YA?AVDName@@DABV0@@Z   10012947 f i libvcruntime:undname.obj
 0001:00011969       ??H@YA?AVDName@@PBDABV0@@Z 10012969 f i libvcruntime:undname.obj
 0001:0001198b       ??H@YA?AVDName@@W4DNameStatus@@ABV0@@Z 1001298b f i libvcruntime:undname.obj
 0001:000119ad       ??HDName@@QBE?AV0@ABV0@@Z  100129ad f   libvcruntime:undname.obj
 0001:000119cf       ??HDName@@QBE?AV0@D@Z      100129cf f   libvcruntime:undname.obj
 0001:000119f1       ??HDName@@QBE?AV0@PAV0@@Z  100129f1 f   libvcruntime:undname.obj
 0001:00011a13       ??HDName@@QBE?AV0@PBD@Z    10012a13 f   libvcruntime:undname.obj
 0001:00011a35       ??HDName@@QBE?AV0@W4DNameStatus@@@Z 10012a35 f   libvcruntime:undname.obj
 0001:00011a57       ??YDName@@QAEAAV0@ABV0@@Z  10012a57 f   libvcruntime:undname.obj
 0001:00011a98       ??YDName@@QAEAAV0@D@Z      10012a98 f   libvcruntime:undname.obj
 0001:00011ae8       ??YDName@@QAEAAV0@PAV0@@Z  10012ae8 f   libvcruntime:undname.obj
 0001:00011b4d       ??YDName@@QAEAAV0@PBD@Z    10012b4d f   libvcruntime:undname.obj
 0001:00011bae       ??YDName@@QAEAAV0@W4DNameStatus@@@Z 10012bae f   libvcruntime:undname.obj
 0001:00011bee       ??YReplicator@@QAEAAV0@ABVDName@@@Z 10012bee f   libvcruntime:undname.obj
 0001:00011c38       ??_5DName@@QAEAAV0@ABV0@@Z 10012c38 f   libvcruntime:undname.obj
 0001:00011c54       ?Constructor@_HeapManager@@QAEXP6APAXI@ZP6AXPAX@Z@Z 10012c54 f i libvcruntime:undname.obj
 0001:00011c71       ?Destructor@_HeapManager@@QAEXXZ 10012c71 f i libvcruntime:undname.obj
 0001:00011ca9       ?UScore@UnDecorator@@SAPBDW4Tokens@@@Z 10012ca9 f   libvcruntime:undname.obj
 0001:00011cc8       ?append@DName@@AAEXPBVDNameNode@@@Z 10012cc8 f   libvcruntime:undname.obj
 0001:00011d0e       ?composeDeclaration@UnDecorator@@CA?AVDName@@ABV2@@Z 10012d0e f i libvcruntime:undname.obj
 0001:000129eb       ?doAccessSpecifiers@UnDecorator@@SAHXZ 100139eb f i libvcruntime:undname.obj
 0001:000129f9       ?doAllocationLanguage@UnDecorator@@SAHXZ 100139f9 f i libvcruntime:undname.obj
 0001:00012a07       ?doAllocationModel@UnDecorator@@SAHXZ 10013a07 f i libvcruntime:undname.obj
 0001:00012a15       ?doEcsu@UnDecorator@@SAHXZ 10013a15 f i libvcruntime:undname.obj
 0001:00012a23       ?doEllipsis@UnDecorator@@SAHXZ 10013a23 f i libvcruntime:undname.obj
 0001:00012a31       ?doFunctionReturns@UnDecorator@@SAHXZ 10013a31 f i libvcruntime:undname.obj
 0001:00012a3f       ?doMSKeywords@UnDecorator@@SAHXZ 10013a3f f i libvcruntime:undname.obj
 0001:00012a4c       ?doMemberTypes@UnDecorator@@SAHXZ 10013a4c f i libvcruntime:undname.obj
 0001:00012a5a       ?doNameOnly@UnDecorator@@SAHXZ 10013a5a f i libvcruntime:undname.obj
 0001:00012a65       ?doNoIdentCharCheck@UnDecorator@@SAHXZ 10013a65 f i libvcruntime:undname.obj
 0001:00012a70       ?doPchar@DName@@AAEXPBDH@Z 10013a70 f   libvcruntime:undname.obj
 0001:00012af6       ?doPtr64@UnDecorator@@SAHXZ 10013af6 f i libvcruntime:undname.obj
 0001:00012b04       ?doRestrictionSpec@UnDecorator@@SAHXZ 10013b04 f i libvcruntime:undname.obj
 0001:00012b12       ?doThisTypes@UnDecorator@@SAHXZ 10013b12 f i libvcruntime:undname.obj
 0001:00012b24       ?doThrowTypes@UnDecorator@@SAHXZ 10013b24 f i libvcruntime:undname.obj
 0001:00012b32       ?doTypeOnly@UnDecorator@@SAHXZ 10013b32 f i libvcruntime:undname.obj
 0001:00012b3d       ?doUnderScore@UnDecorator@@SAHXZ 10013b3d f i libvcruntime:undname.obj
 0001:00012b48       ?getArgumentList@UnDecorator@@CA?AVDName@@XZ 10013b48 f   libvcruntime:undname.obj
 0001:00012c3e       ?getArgumentTypes@UnDecorator@@CA?AVDName@@XZ 10013c3e f   libvcruntime:undname.obj
 0001:00012d08       ?getArrayType@UnDecorator@@CA?AVDName@@ABV2@@Z 10013d08 f i libvcruntime:undname.obj
 0001:00012eb9       ?getBasedType@UnDecorator@@CA?AVDName@@XZ 10013eb9 f   libvcruntime:undname.obj
 0001:00012f51       ?getBasicDataType@UnDecorator@@CA?AVDName@@ABV2@@Z 10013f51 f   libvcruntime:undname.obj
 0001:00013330       ?getCHPEName@UnDecorator@@QAEPADPADH@Z 10014330 f i libvcruntime:undname.obj
 0001:0001340f       ?getCallIndex@UnDecorator@@CA?AVDName@@XZ 1001440f f i libvcruntime:undname.obj
 0001:00013423       ?getCallingConvention@UnDecorator@@CA?AVDName@@XZ 10014423 f   libvcruntime:undname.obj
 0001:000134f6       ?getDataIndirectType@UnDecorator@@CA?AVDName@@ABV2@PBD0H@Z 100144f6 f   libvcruntime:undname.obj
 0001:00013ae0       ?getDataIndirectType@UnDecorator@@CA?AVDName@@XZ 10014ae0 f i libvcruntime:undname.obj
 0001:00013b12       ?getDataType@UnDecorator@@CA?AVDName@@PAV2@@Z 10014b12 f   libvcruntime:undname.obj
 0001:00013bd7       ?getDecoratedName@UnDecorator@@CA?AVDName@@XZ 10014bd7 f   libvcruntime:undname.obj
 0001:00013e19       ?getDimension@UnDecorator@@CA?AVDName@@_N@Z 10014e19 f   libvcruntime:undname.obj
 0001:00013f38       ?getDispatchTarget@UnDecorator@@CA?AVDName@@XZ 10014f38 f   libvcruntime:undname.obj
 0001:00013f8c       ?getDisplacement@UnDecorator@@CA?AVDName@@XZ 10014f8c f i libvcruntime:undname.obj
 0001:00013fa0       ?getECSUDataType@UnDecorator@@CA?AVDName@@XZ 10014fa0 f   libvcruntime:undname.obj
 0001:000140b8       ?getECSUName@UnDecorator@@CA?AVDName@@XZ 100150b8 f i libvcruntime:undname.obj
 0001:000140c9       ?getEnumType@UnDecorator@@CA?AVDName@@XZ 100150c9 f i libvcruntime:undname.obj
 0001:000141b9       ?getExtendedDataIndirectType@UnDecorator@@CA?AVDName@@AAPBDAA_NH@Z 100151b9 f   libvcruntime:undname.obj
 0001:00014370       ?getExternalDataType@UnDecorator@@CA?AVDName@@ABV2@@Z 10015370 f i libvcruntime:undname.obj
 0001:000143d7       ?getFunctionIndirectType@UnDecorator@@CA?AVDName@@ABV2@@Z 100153d7 f   libvcruntime:undname.obj
 0001:000147af       ?getGuardNumber@UnDecorator@@CA?AVDName@@XZ 100157af f i libvcruntime:undname.obj
 0001:000147c3       ?getLastChar@DName@@QBEDXZ 100157c3 f i libvcruntime:undname.obj
 0001:000147e3       ?getLastChar@DNameStatusNode@@UBEDXZ 100157e3 f i libvcruntime:undname.obj
 0001:000147ef       ?getLastChar@charNode@@UBEDXZ 100157ef f i libvcruntime:undname.obj
 0001:000147f3       ?getLastChar@pDNameNode@@UBEDXZ 100157f3 f i libvcruntime:undname.obj
 0001:00014801       ?getLastChar@pairNode@@UBEDXZ 10015801 f i libvcruntime:undname.obj
 0001:00014836       ?getLastChar@pcharNode@@UBEDXZ 10015836 f i libvcruntime:undname.obj
 0001:00014848       ?getLexicalFrame@UnDecorator@@CA?AVDName@@XZ 10015848 f i libvcruntime:undname.obj
 0001:00014887       ?getMemory@_HeapManager@@QAEPAXIH@Z 10015887 f   libvcruntime:undname.obj
 0001:0001490e       ?getNoexcept@UnDecorator@@CA?AVDName@@XZ 1001590e f   libvcruntime:undname.obj
 0001:00014953       ?getNumberOfDimensions@UnDecorator@@CAHXZ 10015953 f   libvcruntime:undname.obj
 0001:000149b4       ?getOperatorName@UnDecorator@@CA?AVDName@@_NPA_N@Z 100159b4 f i libvcruntime:undname.obj
 0001:0001500c       ?getPointerType@UnDecorator@@CA?AVDName@@ABV2@0@Z 1001600c f i libvcruntime:undname.obj
 0001:0001502a       ?getPointerTypeArray@UnDecorator@@CA?AVDName@@ABV2@0@Z 1001602a f i libvcruntime:undname.obj
 0001:00015048       ?getPrimaryDataType@UnDecorator@@CA?AVDName@@ABV2@@Z 10016048 f   libvcruntime:undname.obj
 0001:0001522c       ?getPtrRefDataType@UnDecorator@@CA?AVDName@@ABV2@H@Z 1001622c f   libvcruntime:undname.obj
 0001:00015355       ?getPtrRefType@UnDecorator@@CA?AVDName@@ABV2@0PBD@Z 10016355 f   libvcruntime:undname.obj
 0001:0001544f       ?getReferenceType@UnDecorator@@CA?AVDName@@ABV2@0PBD@Z 1001644f f i libvcruntime:undname.obj
 0001:0001546b       ?getRestrictionSpec@UnDecorator@@CA?AVDName@@XZ 1001646b f   libvcruntime:undname.obj
 0001:00015564       ?getReturnType@UnDecorator@@CA?AVDName@@PAV2@@Z 10016564 f   libvcruntime:undname.obj
 0001:00015593       ?getScope@UnDecorator@@CA?AVDName@@XZ 10016593 f   libvcruntime:undname.obj
 0001:00015927       ?getScopedName@UnDecorator@@CA?AVDName@@XZ 10016927 f   libvcruntime:undname.obj
 0001:000159fb       ?getSignedDimension@UnDecorator@@CA?AVDName@@XZ 100169fb f   libvcruntime:undname.obj
 0001:00015a4c       ?getStorageConvention@UnDecorator@@CA?AVDName@@XZ 10016a4c f i libvcruntime:undname.obj
 0001:00015a5d       ?getString@DName@@QBEPADPAD0@Z 10016a5d f i libvcruntime:undname.obj
 0001:00015a8a       ?getString@DName@@QBEPADPADH@Z 10016a8a f i libvcruntime:undname.obj
 0001:00015ae0       ?getString@DNameStatusNode@@UBEPADPAD0@Z 10016ae0 f i libvcruntime:undname.obj
 0001:00015b07       ?getString@charNode@@UBEPADPAD0@Z 10016b07 f i libvcruntime:undname.obj
 0001:00015b1c       ?getString@pDNameNode@@UBEPADPAD0@Z 10016b1c f i libvcruntime:undname.obj
 0001:00015b33       ?getString@pairNode@@UBEPADPAD0@Z 10016b33 f i libvcruntime:undname.obj
 0001:00015b79       ?getString@pcharNode@@UBEPADPAD0@Z 10016b79 f i libvcruntime:undname.obj
 0001:00015b94       ?getStringEncoding@UnDecorator@@CA?AVDName@@PBDH@Z 10016b94 f   libvcruntime:undname.obj
 0001:00015c44       ?getStringHelper@@YAPADPADPBD1H@Z 10016c44 f i libvcruntime:undname.obj
 0001:00015c7b       ?getSymbolName@UnDecorator@@CA?AVDName@@XZ 10016c7b f i libvcruntime:undname.obj
 0001:00015cc3       ?getTemplateArgumentList@UnDecorator@@CA?AVDName@@XZ 10016cc3 f   libvcruntime:undname.obj
 0001:00015f60       ?getTemplateConstant@UnDecorator@@CA?AVDName@@XZ 10016f60 f   libvcruntime:undname.obj
 0001:00016292       ?getTemplateName@UnDecorator@@CA?AVDName@@_N@Z 10017292 f   libvcruntime:undname.obj
 0001:000163f4       ?getThisType@UnDecorator@@CA?AVDName@@XZ 100173f4 f i libvcruntime:undname.obj
 0001:00016427       ?getThrowTypes@UnDecorator@@CA?AVDName@@XZ 10017427 f   libvcruntime:undname.obj
 0001:0001644a       ?getTypeEncoding@UnDecorator@@CAHXZ 1001744a f i libvcruntime:undname.obj
 0001:00016772       ?getUndecoratedName@UnDecorator@@QAEPADPADH@Z 10017772 f i libvcruntime:undname.obj
 0001:00016836       ?getVCallThunkType@UnDecorator@@CA?AVDName@@XZ 10017836 f i libvcruntime:undname.obj
 0001:0001687d       ?getVbTableType@UnDecorator@@CA?AVDName@@ABV2@@Z 1001787d f i libvcruntime:undname.obj
 0001:00016892       ?getVdispMapType@UnDecorator@@CA?AVDName@@ABV2@@Z 10017892 f i libvcruntime:undname.obj
 0001:000168e6       ?getVfTableType@UnDecorator@@CA?AVDName@@ABV2@@Z 100178e6 f i libvcruntime:undname.obj
 0001:00016a49       ?getZName@UnDecorator@@CA?AVDName@@_N0@Z 10017a49 f   libvcruntime:undname.obj
 0001:00016c48       ?haveTemplateParameters@UnDecorator@@SAHXZ 10017c48 f i libvcruntime:undname.obj
 0001:00016c53       ?isArray@DName@@QBEHXZ     10017c53 f i libvcruntime:undname.obj
 0001:00016c5d       ?isComArray@DName@@QBEHXZ  10017c5d f i libvcruntime:undname.obj
 0001:00016c67       ?isEmpty@DName@@QBEHXZ     10017c67 f i libvcruntime:undname.obj
 0001:00016c6f       ?isFull@Replicator@@QBEHXZ 10017c6f f i libvcruntime:undname.obj
 0001:00016c78       ?isNoTE@DName@@QBEHXZ      10017c78 f i libvcruntime:undname.obj
 0001:00016c82       ?isPinPtr@DName@@QBEHXZ    10017c82 f i libvcruntime:undname.obj
 0001:00016c8c       ?isPtrRef@DName@@QBEHXZ    10017c8c f i libvcruntime:undname.obj
 0001:00016c96       ?isUDC@DName@@QBEHXZ       10017c96 f i libvcruntime:undname.obj
 0001:00016ca7       ?isUDTThunk@DName@@QBEHXZ  10017ca7 f i libvcruntime:undname.obj
 0001:00016cb8       ?isVCallThunk@DName@@QBEHXZ 10017cb8 f i libvcruntime:undname.obj
 0001:00016cc2       ?isValid@DName@@QBEHXZ     10017cc2 f i libvcruntime:undname.obj
 0001:00016ccc       ?length@DName@@QBEHXZ      10017ccc f i libvcruntime:undname.obj
 0001:00016ceb       ?length@DNameStatusNode@@UBEHXZ 10017ceb f i libvcruntime:undname.obj
 0001:00016cef       ?length@charNode@@UBEHXZ   10017cef f i libvcruntime:undname.obj
 0001:00016cf3       ?length@pDNameNode@@UBEHXZ 10017cf3 f i libvcruntime:undname.obj
 0001:00016d01       ?length@pairNode@@UBEHXZ   10017d01 f i libvcruntime:undname.obj
 0001:00016d47       ?length@pcharNode@@UBEHXZ  10017d47 f i libvcruntime:undname.obj
 0001:00016d4b       ?make@DNameStatusNode@@SAPBV1@W4DNameStatus@@@Z 10017d4b f i libvcruntime:undname.obj
 0001:00016d67       ?parseDecoratedName@UnDecorator@@CA?AVDName@@XZ 10017d67 f   libvcruntime:undname.obj
 0001:00016e55       ?setIsArray@DName@@QAEXXZ  10017e55 f i libvcruntime:undname.obj
 0001:00016e5d       ?setIsComArray@DName@@QAEXXZ 10017e5d f i libvcruntime:undname.obj
 0001:00016e65       ?setIsNoTE@DName@@QAEXXZ   10017e65 f i libvcruntime:undname.obj
 0001:00016e6d       ?setIsPinPtr@DName@@QAEXXZ 10017e6d f i libvcruntime:undname.obj
 0001:00016e75       ?setIsUDC@DName@@QAEXXZ    10017e75 f i libvcruntime:undname.obj
 0001:00016e82       ?setIsVCallThunk@DName@@QAEXXZ 10017e82 f i libvcruntime:undname.obj
 0001:00016e8a       ?setPtrRef@DName@@QAEAAV1@XZ 10017e8a f i libvcruntime:undname.obj
 0001:00016e94       ?status@DName@@QBE?AW4DNameStatus@@XZ 10017e94 f i libvcruntime:undname.obj
 0001:00016f00       ___unDName                 10017f00 f   libvcruntime:undname.obj
 0001:00016f23       ___unDNameEx               10017f23 f   libvcruntime:undname.obj
 0001:00016fc2       __vsprintf_s_l             10017fc2 f i libvcruntime:undname.obj
 0001:00016fef       _sprintf_s                 10017fef f i libvcruntime:undname.obj
 0001:0001700b       _unDNameGenerateCHPE       1001800b f   libvcruntime:undname.obj
 0001:00017067       ??$?RU__vcrt_ptd@@@__crt_internal_free_policy@@QBEXQBU__vcrt_ptd@@@Z 10018067 f i libvcruntime:per_thread_data.obj
 0001:00017077       ??0?$__crt_unique_heap_ptr@U__vcrt_ptd@@U__crt_internal_free_policy@@@@QAE@QAU__vcrt_ptd@@@Z 10018077 f i libvcruntime:per_thread_data.obj
 0001:00017094       ??1?$__crt_unique_heap_ptr@U__vcrt_ptd@@U__crt_internal_free_policy@@@@QAE@XZ 10018094 f i libvcruntime:per_thread_data.obj
 0001:000170ad       ??B?$__crt_unique_heap_ptr@U__vcrt_ptd@@U__crt_internal_free_policy@@@@QBE_NXZ 100180ad f i libvcruntime:per_thread_data.obj
 0001:000170b4       ?detach@?$__crt_unique_heap_ptr@U__vcrt_ptd@@U__crt_internal_free_policy@@@@QAEPAU__vcrt_ptd@@XZ 100180b4 f i libvcruntime:per_thread_data.obj
 0001:000170ba       ?get@?$__crt_unique_heap_ptr@U__vcrt_ptd@@U__crt_internal_free_policy@@@@QBEPAU__vcrt_ptd@@XZ 100180ba f i libvcruntime:per_thread_data.obj
 0001:000170bd       ?is_valid@?$__crt_unique_heap_ptr@U__vcrt_ptd@@U__crt_internal_free_policy@@@@QBE_NXZ 100180bd f i libvcruntime:per_thread_data.obj
 0001:000170c4       ?release@?$__crt_unique_heap_ptr@U__vcrt_ptd@@U__crt_internal_free_policy@@@@QAEXXZ 100180c4 f i libvcruntime:per_thread_data.obj
 0001:000170ee       ___vcrt_freefls@4          100180ee f   libvcruntime:per_thread_data.obj
 0001:0001710a       ___vcrt_freeptd            1001810a f   libvcruntime:per_thread_data.obj
 0001:00017140       ___vcrt_getptd             10018140 f   libvcruntime:per_thread_data.obj
 0001:0001714e       ___vcrt_getptd_noexit      1001814e f   libvcruntime:per_thread_data.obj
 0001:000171e0       ___vcrt_getptd_noinit      100181e0 f   libvcruntime:per_thread_data.obj
 0001:00017217       ___vcrt_initialize_ptd     10018217 f   libvcruntime:per_thread_data.obj
 0001:0001724a       ___vcrt_uninitialize_ptd   1001824a f   libvcruntime:per_thread_data.obj
 0001:00017265       ___vcrt_initialize_locks   10018265 f   libvcruntime:locks.obj
 0001:000172a1       ___vcrt_lock               100182a1 f   libvcruntime:locks.obj
 0001:000172b6       ___vcrt_uninitialize_locks 100182b6 f   libvcruntime:locks.obj
 0001:000172e5       ___vcrt_unlock             100182e5 f   libvcruntime:locks.obj
 0001:000172fa       ??$?BX@__crt_fast_encoded_nullptr_t@@QBEPAXXZ 100182fa f i libvcruntime:winapi_downlevel.obj
 0001:00017300       ??$__crt_fast_decode_pointer@PAX@@YAPAXQAX@Z 10018300 f i libvcruntime:winapi_downlevel.obj
 0001:00017314       ??$__crt_fast_encode_pointer@PAX@@YAPAXQAX@Z 10018314 f i libvcruntime:winapi_downlevel.obj
 0001:00017331       ??$__crt_interlocked_exchange_pointer@UHINSTANCE__@@PAU1@@@YAPAUHINSTANCE__@@PDSAU0@QAU0@@Z 10018331 f i libvcruntime:winapi_downlevel.obj
 0001:0001733e       ??$__crt_interlocked_exchange_pointer@UHINSTANCE__@@PAX@@YAPAUHINSTANCE__@@PDSAU0@QAX@Z 1001833e f i libvcruntime:winapi_downlevel.obj
 0001:0001734b       ??$__crt_interlocked_exchange_pointer@XPAX@@YAPAXPDSAXQAX@Z 1001834b f i libvcruntime:winapi_downlevel.obj
 0001:00017358       ??$__crt_interlocked_read_pointer@UHINSTANCE__@@@@YAPAUHINSTANCE__@@PDSAU0@@Z 10018358 f i libvcruntime:winapi_downlevel.obj
 0001:00017362       ??$__crt_interlocked_read_pointer@X@@YAPAXPDSAX@Z 10018362 f i libvcruntime:winapi_downlevel.obj
 0001:0001736c       ?__crt_fast_encode_pointer@@YA?AU__crt_fast_encoded_nullptr_t@@$$T@Z 1001836c f i libvcruntime:winapi_downlevel.obj
 0001:00017600       ___vcrt_FlsAlloc           10018600 f   libvcruntime:winapi_downlevel.obj
 0001:0001763b       ___vcrt_FlsFree            1001863b f   libvcruntime:winapi_downlevel.obj
 0001:00017676       ___vcrt_FlsGetValue        10018676 f   libvcruntime:winapi_downlevel.obj
 0001:000176b1       ___vcrt_FlsSetValue        100186b1 f   libvcruntime:winapi_downlevel.obj
 0001:000176ef       ___vcrt_InitializeCriticalSectionEx 100186ef f   libvcruntime:winapi_downlevel.obj
 0001:00017736       ___vcrt_initialize_winapi_thunks 10018736 f   libvcruntime:winapi_downlevel.obj
 0001:0001775f       ___vcrt_uninitialize_winapi_thunks 1001875f f   libvcruntime:winapi_downlevel.obj
 0001:00017791       ??$?B$$A6AXXZ@__crt_fast_encoded_nullptr_t@@QBEP6AXXZXZ 10018791 f i libvcruntime:purevirt_data.obj
 0001:00017797       ??$__crt_fast_encode_pointer@P6AXXZ@@YAP6AXXZQ6AXXZ@Z 10018797 f i libvcruntime:purevirt_data.obj
 0001:000177b4       ___vcrt_initialize_pure_virtual_call_handler 100187b4 f   libvcruntime:purevirt_data.obj
 0001:000177c0       __global_unwind2           100187c0 f   libvcruntime:_exsup_.obj
 0001:00017826       __local_unwind2            10018826 f   libvcruntime:_exsup_.obj
 0001:000178aa       __abnormal_termination     100188aa f   libvcruntime:_exsup_.obj
 0001:000178d0       __NLG_Notify1              100188d0 f   libvcruntime:_exsup_.obj
 0001:000178dc       __NLG_Notify               100188dc f   libvcruntime:_exsup_.obj
 0001:000178f3       __NLG_Dispatch             100188f3     libvcruntime:_exsup_.obj
 0001:000178f3       __NLG_Dispatch2            100188f3     libvcruntime:_exsup_.obj
 0001:000178fb       __NLG_Call                 100188fb f   libvcruntime:_exsup_.obj
 0001:000178fd       __NLG_Return2              100188fd     libvcruntime:_exsup_.obj
 0001:000178fe       ??$__crt_fast_decode_pointer@P6AXXZ@@YAP6AXXZQ6AXXZ@Z 100188fe f i libvcruntime:purevirt.obj
 0001:00017912       ??$__crt_interlocked_exchange_pointer@$$A6AXXZP6AXXZ@@YAP6AXXZPDS6AXXZQ6AXXZ@Z 10018912 f i libvcruntime:purevirt.obj
 0001:0001791f       ??$__crt_interlocked_read_pointer@$$A6AXXZ@@YAP6AXXZPDS6AXXZ@Z 1001891f f i libvcruntime:purevirt.obj
 0001:00017929       __get_purecall_handler     10018929 f   libvcruntime:purevirt.obj
 0001:0001793e       __purecall                 1001893e f   libvcruntime:purevirt.obj
 0001:0001795a       __set_purecall_handler     1001895a f   libvcruntime:purevirt.obj
 0001:0001797f       ??$?0AAViterator@TryBlockMap@__FrameHandler3@@AAV012@$0A@@?$pair@Viterator@TryBlockMap@__FrameHandler3@@V123@@std@@QAE@AAViterator@TryBlockMap@__FrameHandler3@@0@Z 1001897f f i libvcruntime:trnsctrl.obj
 0001:000179a3       ??$forward@AAViterator@TryBlockMap@__FrameHandler3@@@std@@YAAAViterator@TryBlockMap@__FrameHandler3@@AAV123@@Z 100189a3 f i libvcruntime:trnsctrl.obj
 0001:000179ab       ??0iterator@TryBlockMap@__FrameHandler3@@QAE@AAV12@I@Z 100189ab f i libvcruntime:trnsctrl.obj
 0001:000179bf       ?GetRangeOfTrysToCheck@__FrameHandler3@@SA?AU?$pair@Viterator@TryBlockMap@__FrameHandler3@@V123@@std@@AAVTryBlockMap@1@HH@Z 100189bf f   libvcruntime:trnsctrl.obj
 0001:00017a41       ?_CallCatchBlock2@@YAPAXPAUEHRegistrationNode@@PBU_s_FuncInfo@@PAXHK@Z 10018a41 f   libvcruntime:trnsctrl.obj
 0001:00017a9f       ?_CallSETranslator@@YAHPAUEHExceptionRecord@@PAUEHRegistrationNode@@PAX2PBU_s_FuncInfo@@H1@Z 10018a9f f   libvcruntime:trnsctrl.obj
 0001:00017b7a       ?_JumpToContinuation@@YGXPAXPAUEHRegistrationNode@@@Z 10018b7a f   libvcruntime:trnsctrl.obj
 0001:00017baa       ?_UnwindNestedFrames@@YGXPAUEHRegistrationNode@@PAUEHExceptionRecord@@@Z 10018baa f   libvcruntime:trnsctrl.obj
 0001:00017bfd       ?getFuncInfo@TryBlockMap@__FrameHandler3@@QAEPBU_s_FuncInfo@@XZ 10018bfd f i libvcruntime:trnsctrl.obj
 0001:00017c00       __CatchGuardHandler        10018c00 f   libvcruntime:trnsctrl.obj
 0001:00017c31       __CreateFrameInfo          10018c31 f   libvcruntime:trnsctrl.obj
 0001:00017c55       __FindAndUnlinkFrame       10018c55 f   libvcruntime:trnsctrl.obj
 0001:00017c9a       __TranslatorGuardHandler   10018c9a f   libvcruntime:trnsctrl.obj
 0001:00017d37       ___CxxFrameHandler         10018d37 f   libvcruntime:trnsctrl.obj
 0001:00017d6d       ___CxxFrameHandler2        10018d6d f   libvcruntime:trnsctrl.obj
 0001:00017da3       ___CxxFrameHandler3        10018da3 f   libvcruntime:trnsctrl.obj
 0001:00017dd9       ___CxxLongjmpUnwind@4      10018dd9 f   libvcruntime:trnsctrl.obj
 0001:00017e00       _memcpy                    10018e00 f   libvcruntime:memcpy.obj
 0001:00018a6b       ??$TypeMatchHelper@$$CBU_s_HandlerType@@@@YAHPBU_s_HandlerType@@PBU_s_CatchableType@@PBU_s_ThrowInfo@@@Z 10019a6b f i libvcruntime:frame.obj
 0001:00018af9       ??$__InternalCxxFrameHandler@V__FrameHandler3@@@@YA?AW4_EXCEPTION_DISPOSITION@@PAUEHExceptionRecord@@PAUEHRegistrationNode@@PAU_CONTEXT@@PAXPBU_s_FuncInfo@@H1E@Z 10019af9 f i libvcruntime:frame.obj
 0001:00018bfb       ??0HandlerMap@__FrameHandler3@@QAE@PBU_s_TryBlockMapEntry@@PAX@Z 10019bfb f i libvcruntime:frame.obj
 0001:00018c12       ??0TryBlockMap@__FrameHandler3@@QAE@PBU_s_FuncInfo@@PAX@Z 10019c12 f i libvcruntime:frame.obj
 0001:00018c26       ??0bad_exception@std@@QAE@ABV01@@Z 10019c26 f i libvcruntime:frame.obj
 0001:00018c41       ??0bad_exception@std@@QAE@XZ 10019c41 f i libvcruntime:frame.obj
 0001:00018c59       ??0exception@std@@QAE@ABV01@@Z 10019c59 f i libvcruntime:frame.obj
 0001:00018c85       ??0exception@std@@QAE@QBDH@Z 10019c85 f i libvcruntime:frame.obj
 0001:00018ca2       ??0iterator@HandlerMap@__FrameHandler3@@QAE@AAV12@I@Z 10019ca2 f i libvcruntime:frame.obj
 0001:00018cb6       ??1bad_exception@std@@UAE@XZ 10019cb6 f i libvcruntime:frame.obj
 0001:00018cc7       ??1exception@std@@UAE@XZ   10019cc7 f i libvcruntime:frame.obj
 0001:00018cd8       ??8iterator@HandlerMap@__FrameHandler3@@QBE_NABV012@@Z 10019cd8 f i libvcruntime:frame.obj
 0001:00018ceb       ??8type_info@@QBE_NABV0@@Z 10019ceb f i libvcruntime:frame.obj
 0001:00018d0a       ??9iterator@HandlerMap@__FrameHandler3@@QBE_NABV012@@Z 10019d0a f i libvcruntime:frame.obj
 0001:00018d1d       ??Diterator@HandlerMap@__FrameHandler3@@QAEPBU_s_HandlerType@@XZ 10019d1d f i libvcruntime:frame.obj
 0001:00018d29       ??Diterator@TryBlockMap@__FrameHandler3@@QAEPBU_s_TryBlockMapEntry@@XZ 10019d29 f i libvcruntime:frame.obj
 0001:00018d35       ??Eiterator@HandlerMap@__FrameHandler3@@QAEAAV012@XZ 10019d35 f i libvcruntime:frame.obj
 0001:00018d3b       ??Eiterator@TryBlockMap@__FrameHandler3@@QAEAAV012@XZ 10019d3b f i libvcruntime:frame.obj
 0001:00018d41       ??Miterator@TryBlockMap@__FrameHandler3@@QBE_NABV012@@Z 10019d41 f i libvcruntime:frame.obj
 0001:00018d54       ??_Ebad_exception@std@@UAEPAXI@Z 10019d54 f i libvcruntime:frame.obj
 0001:00018d54       ??_Gbad_exception@std@@UAEPAXI@Z 10019d54 f i libvcruntime:frame.obj
 0001:00018d81       ??_Eexception@std@@UAEPAXI@Z 10019d81 f i libvcruntime:frame.obj
 0001:00018d81       ??_Gexception@std@@UAEPAXI@Z 10019d81 f i libvcruntime:frame.obj
 0001:00018dae       ?BuildCatchObject@__FrameHandler3@@SAXPAUEHExceptionRecord@@PAXPBU_s_HandlerType@@PBU_s_CatchableType@@@Z 10019dae f   libvcruntime:frame.obj
 0001:00018db3       ?BuildCatchObjectHelper@__FrameHandler3@@SAHPAUEHExceptionRecord@@PAXPBU_s_HandlerType@@PBU_s_CatchableType@@@Z 10019db3 f   libvcruntime:frame.obj
 0001:00019004       ?FrameUnwindToEmptyState@__FrameHandler3@@SAXPAUEHRegistrationNode@@PAXPBU_s_FuncInfo@@@Z 1001a004 f   libvcruntime:frame.obj
 0001:0001901c       ?FrameUnwindToState@__FrameHandler3@@SAXPAUEHRegistrationNode@@PAXPBU_s_FuncInfo@@H@Z 1001a01c f   libvcruntime:frame.obj
 0001:00019104       ?GetMaxState@__FrameHandler3@@SAHPAXPBU_s_FuncInfo@@@Z 1001a104 f i libvcruntime:frame.obj
 0001:000191e2       ?TypeMatch@__FrameHandler3@@SAHPBU_s_HandlerType@@PBU_s_CatchableType@@PBU_s_ThrowInfo@@@Z 1001a1e2 f   libvcruntime:frame.obj
 0001:000191eb       ?_CallMemberFunction1@@YGXQAX00@Z 1001a1eb f i libvcruntime:frame.obj
 0001:000191fb       ?_CallMemberFunction2@@YGXQAX00H@Z 1001a1fb f i libvcruntime:frame.obj
 0001:0001920e       ?_ValidateExecute@@YA_NP6GHXZ@Z 1001a20e f i libvcruntime:frame.obj
 0001:0001921a       ?_ValidateRead@@YA_NPBXI@Z 1001a21a f i libvcruntime:frame.obj
 0001:00019226       ?_ValidateWrite@@YA_NPAXI@Z 1001a226 f i libvcruntime:frame.obj
 0001:00019232       ?begin@HandlerMap@__FrameHandler3@@QAE?AViterator@12@XZ 1001a232 f i libvcruntime:frame.obj
 0001:00019242       ?end@HandlerMap@__FrameHandler3@@QAE?AViterator@12@XZ 1001a242 f i libvcruntime:frame.obj
 0001:00019253       ?getESTypes@__FrameHandler3@@SAPBU_s_ESTypeList@@PBU_s_FuncInfo@@@Z 1001a253 f i libvcruntime:frame.obj
 0001:0001925e       ?getLastEntry@HandlerMap@__FrameHandler3@@QAEPBU_s_HandlerType@@XZ 1001a25e f i libvcruntime:frame.obj
 0001:0001926c       ?getMagicNum@__FrameHandler3@@SAIPBU_s_FuncInfo@@@Z 1001a26c f i libvcruntime:frame.obj
 0001:0001927b       ?getNumTryBlocks@TryBlockMap@__FrameHandler3@@QAEIXZ 1001a27b f i libvcruntime:frame.obj
 0001:00019281       ?isEHs@__FrameHandler3@@SA_NPBU_s_FuncInfo@@@Z 1001a281 f i libvcruntime:frame.obj
 0001:0001928e       ?isNoExcept@__FrameHandler3@@SA_NPBU_s_FuncInfo@@@Z 1001a28e f i libvcruntime:frame.obj
 0001:0001929e       ?what@exception@std@@UBEPBDXZ 1001a29e f i libvcruntime:frame.obj
 0001:000192ab       ___BuildCatchObject        1001a2ab f   libvcruntime:frame.obj
 0001:000192b0       ___BuildCatchObjectHelper  1001a2b0 f   libvcruntime:frame.obj
 0001:000192b9       ___TypeMatch               1001a2b9 f   libvcruntime:frame.obj
 0001:000192c2       ___vcrt_EncodePointer      1001a2c2 f i libvcruntime:frame.obj
 0001:000192d0       __CallSettingFrame@12      1001a2d0 f   libvcruntime:lowhelpr.obj
 0001:000192f7       __NLG_Return               1001a2f7     libvcruntime:lowhelpr.obj
 0001:00019330       __get_unexpected           1001a330 f   libvcruntime:unexpected.obj
 0001:00019342       _set_unexpected            1001a342 f   libvcruntime:unexpected.obj
 0001:00019360       _unexpected                1001a360 f   libvcruntime:unexpected.obj
 0001:0001937d       ?GetCurrentState@__FrameHandler3@@SAHPAUEHRegistrationNode@@PAXPBU_s_FuncInfo@@@Z 1001a37d f   libvcruntime:ehstate.obj
 0001:0001939a       ?SetState@__FrameHandler3@@SAXPAUEHRegistrationNode@@PBU_s_FuncInfo@@H@Z 1001a39a f   libvcruntime:ehstate.obj
 0001:000193a8       ___DestructExceptionObject 1001a3a8 f   libvcruntime:ehhelpers.obj
 0001:00019448       ?_CallMemberFunction0@@YGXQAX0@Z 1001a448 f i libvcruntime:ehhelpers.obj
 0001:00019455       ?raw_name@type_info@@QBEPBDXZ 1001a455 f i libvcruntime:ehhelpers.obj
 0001:00019459       __IsExceptionObjectToBeDestroyed 1001a459 f   libvcruntime:ehhelpers.obj
 0001:0001947f       __SetWinRTOutOfMemoryExceptionCallback 1001a47f f   libvcruntime:ehhelpers.obj
 0001:0001948c       ___AdjustPointer           1001a48c f   libvcruntime:ehhelpers.obj
 0001:000194b1       ___FrameUnwindFilter       1001a4b1 f   libvcruntime:ehhelpers.obj
 0001:000194f6       ___GetPlatformExceptionInfo 1001a4f6 f   libvcruntime:ehhelpers.obj
 0001:00019542       ___current_exception       1001a542 f   libvcruntime:ehhelpers.obj
 0001:0001954b       ___current_exception_context 1001a54b f   libvcruntime:ehhelpers.obj
 0001:00019554       ___processing_throw        1001a554 f   libvcruntime:ehhelpers.obj
 0001:0001955d       ___std_terminate           1001a55d f   libvcruntime:ehhelpers.obj
 0001:00019562       __is_exception_typeof      1001a562 f   libvcruntime:ehhelpers.obj
 0001:00019606       ??$?RD@__crt_public_free_policy@@QBEXQBD@Z 1001a606 f i libvcruntime:std_exception.obj
 0001:00019616       ??0?$__crt_unique_heap_ptr@DU__crt_public_free_policy@@@@QAE@QAD@Z 1001a616 f i libvcruntime:std_exception.obj
 0001:00019624       ??1?$__crt_unique_heap_ptr@DU__crt_public_free_policy@@@@QAE@XZ 1001a624 f i libvcruntime:std_exception.obj
 0001:00019634       ??B?$__crt_unique_heap_ptr@DU__crt_public_free_policy@@@@QBE_NXZ 1001a634 f i libvcruntime:std_exception.obj
 0001:0001963b       ?detach@?$__crt_unique_heap_ptr@DU__crt_public_free_policy@@@@QAEPADXZ 1001a63b f i libvcruntime:std_exception.obj
 0001:00019641       ?get@?$__crt_unique_heap_ptr@DU__crt_public_free_policy@@@@QBEPADXZ 1001a641 f i libvcruntime:std_exception.obj
 0001:00019644       ?is_valid@?$__crt_unique_heap_ptr@DU__crt_public_free_policy@@@@QBE_NXZ 1001a644 f i libvcruntime:std_exception.obj
 0001:0001964b       ?release@?$__crt_unique_heap_ptr@DU__crt_public_free_policy@@@@QAEXXZ 1001a64b f i libvcruntime:std_exception.obj
 0001:0001965b       ___std_exception_copy      1001a65b f   libvcruntime:std_exception.obj
 0001:000196be       ___std_exception_destroy   1001a6be f   libvcruntime:std_exception.obj
 0001:000196dd       __CxxThrowException@8      1001a6dd f   libvcruntime:throw.obj
 0001:00019750       _memmove                   1001a750 f   libvcruntime:memmove.obj
 0001:0001a046       __lseek                    1001b046 f   libucrt:lseek.obj
 0001:0001a051       __lseek_nolock             1001b051 f   libucrt:lseek.obj
 0001:0001a05c       __lseeki64                 1001b05c f   libucrt:lseek.obj
 0001:0001a077       __lseeki64_nolock          1001b077 f   libucrt:lseek.obj
 0001:0001a116       ??$__acrt_mbs_to_wcs_cp@U__crt_win32_buffer_internal_dynamic_resizing@@@@YAHQBDAAV?$__crt_win32_buffer@_WU__crt_win32_buffer_internal_dynamic_resizing@@@@I@Z 1001b116 f i libucrt:open.obj
 0001:0001a135       ??$__vcrt_va_start_verify_argument_type@$$CBH@@YAXXZ 1001b135 f i libucrt:open.obj
 0001:0001a3f8       ??$tsopen_nolock@PAHABQAHABQBDABHABHABHABH@?$__crt_char_traits@D@@SAH$$QAPAHABQAHABQBDABH333@Z 1001b3f8 f i libucrt:open.obj
 0001:0001a42a       ??$tsopen_nolock@PAHABQAHABQB_WABHABHABHABH@?$__crt_char_traits@_W@@SAH$$QAPAHABQAHABQB_WABH333@Z 1001b42a f i libucrt:open.obj
 0001:0001a45c       ??$tsopen_nolock@PAHPAHABQBDABHHABHH@?$__crt_char_traits@D@@SAH$$QAPAH0ABQBDABH$$QAH23@Z 1001b45c f i libucrt:open.obj
 0001:0001a48e       ??$tsopen_nolock@PAHPAHABQB_WABHHABHH@?$__crt_char_traits@_W@@SAH$$QAPAH0ABQB_WABH$$QAH23@Z 1001b48e f i libucrt:open.obj
 0001:0001a4c0       ??0?$__crt_win32_buffer@_WU__crt_win32_buffer_internal_dynamic_resizing@@@@QAE@XZ 1001b4c0 f i libucrt:open.obj
 0001:0001a4d6       ??0_LocaleUpdate@@QAE@QAU__crt_locale_pointers@@@Z 1001b4d6 f i libucrt:open.obj
 0001:0001a559       ??1?$__crt_win32_buffer@_WU__crt_win32_buffer_internal_dynamic_resizing@@@@QAE@XZ 1001b559 f i libucrt:open.obj
 0001:0001a55e       ??1_LocaleUpdate@@QAE@XZ   1001b55e f i libucrt:open.obj
 0001:0001a58f       ?GetLocaleT@_LocaleUpdate@@QAEPAU__crt_locale_pointers@@XZ 1001b58f f i libucrt:open.obj
 0001:0001a593       ?__acrt_get_utf8_acp_compatibility_codepage@@YAIXZ 1001b593 f i libucrt:open.obj
 0001:0001a5d4       ?_deallocate@?$__crt_win32_buffer@_WU__crt_win32_buffer_internal_dynamic_resizing@@@@AAEXXZ 1001b5d4 f i libucrt:open.obj
 0001:0001a5ee       ?allocate@?$__crt_win32_buffer@_WU__crt_win32_buffer_internal_dynamic_resizing@@@@QAEHI@Z 1001b5ee f i libucrt:open.obj
 0001:0001a62d       ?allocate@__crt_win32_buffer_internal_dynamic_resizing@@SAHQAPAXIABV__crt_win32_buffer_empty_debug_info@@@Z 1001b62d f i libucrt:open.obj
 0001:0001a64c       ?capacity@?$__crt_win32_buffer@_WU__crt_win32_buffer_internal_dynamic_resizing@@@@QBEIXZ 1001b64c f i libucrt:open.obj
 0001:0001a8be       ?data@?$__crt_win32_buffer@_WU__crt_win32_buffer_internal_dynamic_resizing@@@@QAEPA_WXZ 1001b8be f i libucrt:open.obj
 0001:0001a8c2       ?deallocate@__crt_win32_buffer_internal_dynamic_resizing@@SAXQAXABV__crt_win32_buffer_empty_debug_info@@@Z 1001b8c2 f i libucrt:open.obj
 0001:0001a8d2       ?debug_info@?$__crt_win32_buffer@_WU__crt_win32_buffer_internal_dynamic_resizing@@@@QBEABV__crt_win32_buffer_empty_debug_info@@XZ 1001b8d2 f i libucrt:open.obj
 0001:0001abc1       ?size@?$__crt_win32_buffer@_WU__crt_win32_buffer_internal_dynamic_resizing@@@@QAEXI@Z 1001bbc1 f i libucrt:open.obj
 0001:0001ac80       ___acrt_locale_changed     1001bc80 f i libucrt:open.obj
 0001:0001ac8b       __invoke_watson_if_error   1001bc8b f i libucrt:open.obj
 0001:0001acad       __open                     1001bcad f   libucrt:open.obj
 0001:0001acc5       __sopen                    1001bcc5 f   libucrt:open.obj
 0001:0001acfa       __sopen_dispatch           1001bcfa f   libucrt:open.obj
 0001:0001ad05       __sopen_nolock             1001bd05 f   libucrt:open.obj
 0001:0001ad75       __sopen_s                  1001bd75 f   libucrt:open.obj
 0001:0001ad95       __wopen                    1001bd95 f   libucrt:open.obj
 0001:0001adad       __wsopen                   1001bdad f   libucrt:open.obj
 0001:0001ade2       __wsopen_dispatch          1001bde2 f   libucrt:open.obj
 0001:0001aded       __wsopen_nolock            1001bded f   libucrt:open.obj
 0001:0001b119       __wsopen_s                 1001c119 f   libucrt:open.obj
 0001:0001b419       __wcstombs_l               1001c419 f   libucrt:wcstombs.obj
 0001:0001b424       __wcstombs_s_l             1001c424 f   libucrt:wcstombs.obj
 0001:0001b4f1       _wcstombs                  1001c4f1 f   libucrt:wcstombs.obj
 0001:0001b50b       _wcstombs_s                1001c50b f   libucrt:wcstombs.obj
 0001:0001b52b       ??$?0ABV?$stream_output_adapter@D@__crt_stdio_output@@AB_KABQBDABQAU__crt_locale_pointers@@ABQAD@?$format_validation_base@DV?$stream_output_adapter@D@__crt_stdio_output@@@__crt_stdio_output@@IAE@ABV?$stream_output_adapter@D@1@AB_KABQBDABQAU__crt_locale_pointers@@ABQAD@Z 1001c52b f i libucrt:output.obj
 0001:0001b54e       ??$?0ABV?$stream_output_adapter@D@__crt_stdio_output@@AB_KABQBDABQAU__crt_locale_pointers@@ABQAD@?$positional_parameter_base@DV?$stream_output_adapter@D@__crt_stdio_output@@@__crt_stdio_output@@IAE@ABV?$stream_output_adapter@D@1@AB_KABQBDABQAU__crt_locale_pointers@@ABQAD@Z 1001c54e f i libucrt:output.obj
 0001:0001b596       ??$?0ABV?$stream_output_adapter@D@__crt_stdio_output@@AB_KABQBDABQAU__crt_locale_pointers@@ABQAD@?$standard_base@DV?$stream_output_adapter@D@__crt_stdio_output@@@__crt_stdio_output@@IAE@ABV?$stream_output_adapter@D@1@AB_KABQBDABQAU__crt_locale_pointers@@ABQAD@Z 1001c596 f i libucrt:output.obj
 0001:0001b5cb       ??$?0ABV?$stream_output_adapter@_W@__crt_stdio_output@@AB_KABQB_WABQAU__crt_locale_pointers@@ABQAD@?$format_validation_base@_WV?$stream_output_adapter@_W@__crt_stdio_output@@@__crt_stdio_output@@IAE@ABV?$stream_output_adapter@_W@1@AB_KABQB_WABQAU__crt_locale_pointers@@ABQAD@Z 1001c5cb f i libucrt:output.obj
 0001:0001b5ee       ??$?0ABV?$stream_output_adapter@_W@__crt_stdio_output@@AB_KABQB_WABQAU__crt_locale_pointers@@ABQAD@?$positional_parameter_base@_WV?$stream_output_adapter@_W@__crt_stdio_output@@@__crt_stdio_output@@IAE@ABV?$stream_output_adapter@_W@1@AB_KABQB_WABQAU__crt_locale_pointers@@ABQAD@Z 1001c5ee f i libucrt:output.obj
 0001:0001b636       ??$?0ABV?$stream_output_adapter@_W@__crt_stdio_output@@AB_KABQB_WABQAU__crt_locale_pointers@@ABQAD@?$standard_base@_WV?$stream_output_adapter@_W@__crt_stdio_output@@@__crt_stdio_output@@IAE@ABV?$stream_output_adapter@_W@1@AB_KABQB_WABQAU__crt_locale_pointers@@ABQAD@Z 1001c636 f i libucrt:output.obj
 0001:0001b66b       ??$?0ABV?$string_output_adapter@D@__crt_stdio_output@@AB_KABQBDABQAU__crt_locale_pointers@@ABQAD@?$format_validation_base@DV?$string_output_adapter@D@__crt_stdio_output@@@__crt_stdio_output@@IAE@ABV?$string_output_adapter@D@1@AB_KABQBDABQAU__crt_locale_pointers@@ABQAD@Z 1001c66b f i libucrt:output.obj
 0001:0001b68e       ??$?0ABV?$string_output_adapter@D@__crt_stdio_output@@AB_KABQBDABQAU__crt_locale_pointers@@ABQAD@?$positional_parameter_base@DV?$string_output_adapter@D@__crt_stdio_output@@@__crt_stdio_output@@IAE@ABV?$string_output_adapter@D@1@AB_KABQBDABQAU__crt_locale_pointers@@ABQAD@Z 1001c68e f i libucrt:output.obj
 0001:0001b6d6       ??$?0ABV?$string_output_adapter@D@__crt_stdio_output@@AB_KABQBDABQAU__crt_locale_pointers@@ABQAD@?$standard_base@DV?$string_output_adapter@D@__crt_stdio_output@@@__crt_stdio_output@@IAE@ABV?$string_output_adapter@D@1@AB_KABQBDABQAU__crt_locale_pointers@@ABQAD@Z 1001c6d6 f i libucrt:output.obj
 0001:0001b70b       ??$?0ABV?$string_output_adapter@_W@__crt_stdio_output@@AB_KABQB_WABQAU__crt_locale_pointers@@ABQAD@?$format_validation_base@_WV?$string_output_adapter@_W@__crt_stdio_output@@@__crt_stdio_output@@IAE@ABV?$string_output_adapter@_W@1@AB_KABQB_WABQAU__crt_locale_pointers@@ABQAD@Z 1001c70b f i libucrt:output.obj
 0001:0001b72e       ??$?0ABV?$string_output_adapter@_W@__crt_stdio_output@@AB_KABQB_WABQAU__crt_locale_pointers@@ABQAD@?$positional_parameter_base@_WV?$string_output_adapter@_W@__crt_stdio_output@@@__crt_stdio_output@@IAE@ABV?$string_output_adapter@_W@1@AB_KABQB_WABQAU__crt_locale_pointers@@ABQAD@Z 1001c72e f i libucrt:output.obj
 0001:0001b776       ??$?0ABV?$string_output_adapter@_W@__crt_stdio_output@@AB_KABQB_WABQAU__crt_locale_pointers@@ABQAD@?$standard_base@_WV?$string_output_adapter@_W@__crt_stdio_output@@@__crt_stdio_output@@IAE@ABV?$string_output_adapter@_W@1@AB_KABQB_WABQAU__crt_locale_pointers@@ABQAD@Z 1001c776 f i libucrt:output.obj
 0001:0001ba81       ??$__crt_interlocked_read@J@@YAJPDJ@Z 1001ca81 f i libucrt:output.obj
 0001:0001c940       ??$count@D@formatting_buffer@__crt_stdio_output@@QBEIXZ 1001d940 f i libucrt:output.obj
 0001:0001c958       ??$count@_W@formatting_buffer@__crt_stdio_output@@QBEIXZ 1001d958 f i libucrt:output.obj
 0001:0001c971       ??$data@D@formatting_buffer@__crt_stdio_output@@QAEPADXZ 1001d971 f i libucrt:output.obj
 0001:0001c97e       ??$data@_W@formatting_buffer@__crt_stdio_output@@QAEPA_WXZ 1001d97e f i libucrt:output.obj
 0001:0001c98b       ??$ensure_buffer_is_big_enough@D@formatting_buffer@__crt_stdio_output@@QAE_NI@Z 1001d98b f i libucrt:output.obj
 0001:0001ca0a       ??$ensure_buffer_is_big_enough@_W@formatting_buffer@__crt_stdio_output@@QAE_NI@Z 1001da0a f i libucrt:output.obj
 0001:0001ca8a       ??$extract_argument_from_va_list@C_J@?$positional_parameter_base@DV?$stream_output_adapter@D@__crt_stdio_output@@@__crt_stdio_output@@IAE_NAA_J@Z 1001da8a f i libucrt:output.obj
 0001:0001cb03       ??$extract_argument_from_va_list@C_J@?$positional_parameter_base@DV?$string_output_adapter@D@__crt_stdio_output@@@__crt_stdio_output@@IAE_NAA_J@Z 1001db03 f i libucrt:output.obj
 0001:0001cb7c       ??$extract_argument_from_va_list@C_J@?$positional_parameter_base@_WV?$stream_output_adapter@_W@__crt_stdio_output@@@__crt_stdio_output@@IAE_NAA_J@Z 1001db7c f i libucrt:output.obj
 0001:0001cbf5       ??$extract_argument_from_va_list@C_J@?$positional_parameter_base@_WV?$string_output_adapter@_W@__crt_stdio_output@@@__crt_stdio_output@@IAE_NAA_J@Z 1001dbf5 f i libucrt:output.obj
 0001:0001cc6e       ??$extract_argument_from_va_list@C_J@?$standard_base@DV?$stream_output_adapter@D@__crt_stdio_output@@@__crt_stdio_output@@IAE_NAA_J@Z 1001dc6e f i libucrt:output.obj
 0001:0001cc8d       ??$extract_argument_from_va_list@C_J@?$standard_base@DV?$string_output_adapter@D@__crt_stdio_output@@@__crt_stdio_output@@IAE_NAA_J@Z 1001dc8d f i libucrt:output.obj
 0001:0001ccac       ??$extract_argument_from_va_list@C_J@?$standard_base@_WV?$stream_output_adapter@_W@__crt_stdio_output@@@__crt_stdio_output@@IAE_NAA_J@Z 1001dcac f i libucrt:output.obj
 0001:0001cccb       ??$extract_argument_from_va_list@C_J@?$standard_base@_WV?$string_output_adapter@_W@__crt_stdio_output@@@__crt_stdio_output@@IAE_NAA_J@Z 1001dccb f i libucrt:output.obj
 0001:0001ccea       ??$extract_argument_from_va_list@E_J@?$positional_parameter_base@DV?$stream_output_adapter@D@__crt_stdio_output@@@__crt_stdio_output@@IAE_NAA_J@Z 1001dcea f i libucrt:output.obj
 0001:0001cd63       ??$extract_argument_from_va_list@E_J@?$positional_parameter_base@DV?$string_output_adapter@D@__crt_stdio_output@@@__crt_stdio_output@@IAE_NAA_J@Z 1001dd63 f i libucrt:output.obj
 0001:0001cddc       ??$extract_argument_from_va_list@E_J@?$positional_parameter_base@_WV?$stream_output_adapter@_W@__crt_stdio_output@@@__crt_stdio_output@@IAE_NAA_J@Z 1001dddc f i libucrt:output.obj
 0001:0001ce55       ??$extract_argument_from_va_list@E_J@?$positional_parameter_base@_WV?$string_output_adapter@_W@__crt_stdio_output@@@__crt_stdio_output@@IAE_NAA_J@Z 1001de55 f i libucrt:output.obj
 0001:0001cece       ??$extract_argument_from_va_list@E_J@?$standard_base@DV?$stream_output_adapter@D@__crt_stdio_output@@@__crt_stdio_output@@IAE_NAA_J@Z 1001dece f i libucrt:output.obj
 0001:0001ceed       ??$extract_argument_from_va_list@E_J@?$standard_base@DV?$string_output_adapter@D@__crt_stdio_output@@@__crt_stdio_output@@IAE_NAA_J@Z 1001deed f i libucrt:output.obj
 0001:0001cf0c       ??$extract_argument_from_va_list@E_J@?$standard_base@_WV?$stream_output_adapter@_W@__crt_stdio_output@@@__crt_stdio_output@@IAE_NAA_J@Z 1001df0c f i libucrt:output.obj
 0001:0001cf2b       ??$extract_argument_from_va_list@E_J@?$standard_base@_WV?$string_output_adapter@_W@__crt_stdio_output@@@__crt_stdio_output@@IAE_NAA_J@Z 1001df2b f i libucrt:output.obj
 0001:0001cf4a       ??$extract_argument_from_va_list@F_J@?$positional_parameter_base@DV?$stream_output_adapter@D@__crt_stdio_output@@@__crt_stdio_output@@IAE_NAA_J@Z 1001df4a f i libucrt:output.obj
 0001:0001cfc3       ??$extract_argument_from_va_list@F_J@?$positional_parameter_base@DV?$string_output_adapter@D@__crt_stdio_output@@@__crt_stdio_output@@IAE_NAA_J@Z 1001dfc3 f i libucrt:output.obj
 0001:0001d03c       ??$extract_argument_from_va_list@F_J@?$positional_parameter_base@_WV?$stream_output_adapter@_W@__crt_stdio_output@@@__crt_stdio_output@@IAE_NAA_J@Z 1001e03c f i libucrt:output.obj
 0001:0001d0b5       ??$extract_argument_from_va_list@F_J@?$positional_parameter_base@_WV?$string_output_adapter@_W@__crt_stdio_output@@@__crt_stdio_output@@IAE_NAA_J@Z 1001e0b5 f i libucrt:output.obj
 0001:0001d12e       ??$extract_argument_from_va_list@F_J@?$standard_base@DV?$stream_output_adapter@D@__crt_stdio_output@@@__crt_stdio_output@@IAE_NAA_J@Z 1001e12e f i libucrt:output.obj
 0001:0001d14d       ??$extract_argument_from_va_list@F_J@?$standard_base@DV?$string_output_adapter@D@__crt_stdio_output@@@__crt_stdio_output@@IAE_NAA_J@Z 1001e14d f i libucrt:output.obj
 0001:0001d16c       ??$extract_argument_from_va_list@F_J@?$standard_base@_WV?$stream_output_adapter@_W@__crt_stdio_output@@@__crt_stdio_output@@IAE_NAA_J@Z 1001e16c f i libucrt:output.obj
 0001:0001d18b       ??$extract_argument_from_va_list@F_J@?$standard_base@_WV?$string_output_adapter@_W@__crt_stdio_output@@@__crt_stdio_output@@IAE_NAA_J@Z 1001e18b f i libucrt:output.obj
 0001:0001d1aa       ??$extract_argument_from_va_list@GD@?$positional_parameter_base@DV?$stream_output_adapter@D@__crt_stdio_output@@@__crt_stdio_output@@IAE_NAAD@Z 1001e1aa f i libucrt:output.obj
 0001:0001d222       ??$extract_argument_from_va_list@GD@?$positional_parameter_base@DV?$string_output_adapter@D@__crt_stdio_output@@@__crt_stdio_output@@IAE_NAAD@Z 1001e222 f i libucrt:output.obj
 0001:0001d29a       ??$extract_argument_from_va_list@GD@?$standard_base@DV?$stream_output_adapter@D@__crt_stdio_output@@@__crt_stdio_output@@IAE_NAAD@Z 1001e29a f i libucrt:output.obj
 0001:0001d2b4       ??$extract_argument_from_va_list@GD@?$standard_base@DV?$string_output_adapter@D@__crt_stdio_output@@@__crt_stdio_output@@IAE_NAAD@Z 1001e2b4 f i libucrt:output.obj
 0001:0001d2ce       ??$extract_argument_from_va_list@G_J@?$positional_parameter_base@DV?$stream_output_adapter@D@__crt_stdio_output@@@__crt_stdio_output@@IAE_NAA_J@Z 1001e2ce f i libucrt:output.obj
 0001:0001d347       ??$extract_argument_from_va_list@G_J@?$positional_parameter_base@DV?$string_output_adapter@D@__crt_stdio_output@@@__crt_stdio_output@@IAE_NAA_J@Z 1001e347 f i libucrt:output.obj
 0001:0001d3c0       ??$extract_argument_from_va_list@G_J@?$positional_parameter_base@_WV?$stream_output_adapter@_W@__crt_stdio_output@@@__crt_stdio_output@@IAE_NAA_J@Z 1001e3c0 f i libucrt:output.obj
 0001:0001d439       ??$extract_argument_from_va_list@G_J@?$positional_parameter_base@_WV?$string_output_adapter@_W@__crt_stdio_output@@@__crt_stdio_output@@IAE_NAA_J@Z 1001e439 f i libucrt:output.obj
 0001:0001d4b2       ??$extract_argument_from_va_list@G_J@?$standard_base@DV?$stream_output_adapter@D@__crt_stdio_output@@@__crt_stdio_output@@IAE_NAA_J@Z 1001e4b2 f i libucrt:output.obj
 0001:0001d4d1       ??$extract_argument_from_va_list@G_J@?$standard_base@DV?$string_output_adapter@D@__crt_stdio_output@@@__crt_stdio_output@@IAE_NAA_J@Z 1001e4d1 f i libucrt:output.obj
 0001:0001d4f0       ??$extract_argument_from_va_list@G_J@?$standard_base@_WV?$stream_output_adapter@_W@__crt_stdio_output@@@__crt_stdio_output@@IAE_NAA_J@Z 1001e4f0 f i libucrt:output.obj
 0001:0001d50f       ??$extract_argument_from_va_list@G_J@?$standard_base@_WV?$string_output_adapter@_W@__crt_stdio_output@@@__crt_stdio_output@@IAE_NAA_J@Z 1001e50f f i libucrt:output.obj
 0001:0001d52e       ??$extract_argument_from_va_list@H_J@?$positional_parameter_base@DV?$stream_output_adapter@D@__crt_stdio_output@@@__crt_stdio_output@@IAE_NAA_J@Z 1001e52e f i libucrt:output.obj
 0001:0001d5a5       ??$extract_argument_from_va_list@H_J@?$positional_parameter_base@DV?$string_output_adapter@D@__crt_stdio_output@@@__crt_stdio_output@@IAE_NAA_J@Z 1001e5a5 f i libucrt:output.obj
 0001:0001d61c       ??$extract_argument_from_va_list@H_J@?$positional_parameter_base@_WV?$stream_output_adapter@_W@__crt_stdio_output@@@__crt_stdio_output@@IAE_NAA_J@Z 1001e61c f i libucrt:output.obj
 0001:0001d693       ??$extract_argument_from_va_list@H_J@?$positional_parameter_base@_WV?$string_output_adapter@_W@__crt_stdio_output@@@__crt_stdio_output@@IAE_NAA_J@Z 1001e693 f i libucrt:output.obj
 0001:0001d70a       ??$extract_argument_from_va_list@H_J@?$standard_base@DV?$stream_output_adapter@D@__crt_stdio_output@@@__crt_stdio_output@@IAE_NAA_J@Z 1001e70a f i libucrt:output.obj
 0001:0001d728       ??$extract_argument_from_va_list@H_J@?$standard_base@DV?$string_output_adapter@D@__crt_stdio_output@@@__crt_stdio_output@@IAE_NAA_J@Z 1001e728 f i libucrt:output.obj
 0001:0001d746       ??$extract_argument_from_va_list@H_J@?$standard_base@_WV?$stream_output_adapter@_W@__crt_stdio_output@@@__crt_stdio_output@@IAE_NAA_J@Z 1001e746 f i libucrt:output.obj
 0001:0001d764       ??$extract_argument_from_va_list@H_J@?$standard_base@_WV?$string_output_adapter@_W@__crt_stdio_output@@@__crt_stdio_output@@IAE_NAA_J@Z 1001e764 f i libucrt:output.obj
 0001:0001d782       ??$extract_argument_from_va_list@I_J@?$positional_parameter_base@DV?$stream_output_adapter@D@__crt_stdio_output@@@__crt_stdio_output@@IAE_NAA_J@Z 1001e782 f i libucrt:output.obj
 0001:0001d802       ??$extract_argument_from_va_list@I_J@?$positional_parameter_base@DV?$string_output_adapter@D@__crt_stdio_output@@@__crt_stdio_output@@IAE_NAA_J@Z 1001e802 f i libucrt:output.obj
 0001:0001d882       ??$extract_argument_from_va_list@I_J@?$positional_parameter_base@_WV?$stream_output_adapter@_W@__crt_stdio_output@@@__crt_stdio_output@@IAE_NAA_J@Z 1001e882 f i libucrt:output.obj
 0001:0001d902       ??$extract_argument_from_va_list@I_J@?$positional_parameter_base@_WV?$string_output_adapter@_W@__crt_stdio_output@@@__crt_stdio_output@@IAE_NAA_J@Z 1001e902 f i libucrt:output.obj
 0001:0001d982       ??$extract_argument_from_va_list@I_J@?$standard_base@DV?$stream_output_adapter@D@__crt_stdio_output@@@__crt_stdio_output@@IAE_NAA_J@Z 1001e982 f i libucrt:output.obj
 0001:0001d9a0       ??$extract_argument_from_va_list@I_J@?$standard_base@DV?$string_output_adapter@D@__crt_stdio_output@@@__crt_stdio_output@@IAE_NAA_J@Z 1001e9a0 f i libucrt:output.obj
 0001:0001d9be       ??$extract_argument_from_va_list@I_J@?$standard_base@_WV?$stream_output_adapter@_W@__crt_stdio_output@@@__crt_stdio_output@@IAE_NAA_J@Z 1001e9be f i libucrt:output.obj
 0001:0001d9dc       ??$extract_argument_from_va_list@I_J@?$standard_base@_WV?$string_output_adapter@_W@__crt_stdio_output@@@__crt_stdio_output@@IAE_NAA_J@Z 1001e9dc f i libucrt:output.obj
 0001:0001d9fa       ??$extract_argument_from_va_list@PADPAD@?$positional_parameter_base@DV?$stream_output_adapter@D@__crt_stdio_output@@@__crt_stdio_output@@IAE_NAAPAD@Z 1001e9fa f i libucrt:output.obj
 0001:0001da72       ??$extract_argument_from_va_list@PADPAD@?$positional_parameter_base@DV?$string_output_adapter@D@__crt_stdio_output@@@__crt_stdio_output@@IAE_NAAPAD@Z 1001ea72 f i libucrt:output.obj
 0001:0001daea       ??$extract_argument_from_va_list@PADPAD@?$positional_parameter_base@_WV?$stream_output_adapter@_W@__crt_stdio_output@@@__crt_stdio_output@@IAE_NAAPAD@Z 1001eaea f i libucrt:output.obj
 0001:0001db62       ??$extract_argument_from_va_list@PADPAD@?$positional_parameter_base@_WV?$string_output_adapter@_W@__crt_stdio_output@@@__crt_stdio_output@@IAE_NAAPAD@Z 1001eb62 f i libucrt:output.obj
 0001:0001dbda       ??$extract_argument_from_va_list@PADPAD@?$standard_base@DV?$stream_output_adapter@D@__crt_stdio_output@@@__crt_stdio_output@@IAE_NAAPAD@Z 1001ebda f i libucrt:output.obj
 0001:0001dbf4       ??$extract_argument_from_va_list@PADPAD@?$standard_base@DV?$string_output_adapter@D@__crt_stdio_output@@@__crt_stdio_output@@IAE_NAAPAD@Z 1001ebf4 f i libucrt:output.obj
 0001:0001dc0e       ??$extract_argument_from_va_list@PADPAD@?$standard_base@_WV?$stream_output_adapter@_W@__crt_stdio_output@@@__crt_stdio_output@@IAE_NAAPAD@Z 1001ec0e f i libucrt:output.obj
 0001:0001dc28       ??$extract_argument_from_va_list@PADPAD@?$standard_base@_WV?$string_output_adapter@_W@__crt_stdio_output@@@__crt_stdio_output@@IAE_NAAPAD@Z 1001ec28 f i libucrt:output.obj
 0001:0001df5a       ??$extract_argument_from_va_list@PAXPAX@?$positional_parameter_base@DV?$stream_output_adapter@D@__crt_stdio_output@@@__crt_stdio_output@@IAE_NAAPAX@Z 1001ef5a f i libucrt:output.obj
 0001:0001dfd2       ??$extract_argument_from_va_list@PAXPAX@?$positional_parameter_base@DV?$string_output_adapter@D@__crt_stdio_output@@@__crt_stdio_output@@IAE_NAAPAX@Z 1001efd2 f i libucrt:output.obj
 0001:0001e04a       ??$extract_argument_from_va_list@PAXPAX@?$positional_parameter_base@_WV?$stream_output_adapter@_W@__crt_stdio_output@@@__crt_stdio_output@@IAE_NAAPAX@Z 1001f04a f i libucrt:output.obj
 0001:0001e0c2       ??$extract_argument_from_va_list@PAXPAX@?$positional_parameter_base@_WV?$string_output_adapter@_W@__crt_stdio_output@@@__crt_stdio_output@@IAE_NAAPAX@Z 1001f0c2 f i libucrt:output.obj
 0001:0001e13a       ??$extract_argument_from_va_list@PAXPAX@?$standard_base@DV?$stream_output_adapter@D@__crt_stdio_output@@@__crt_stdio_output@@IAE_NAAPAX@Z 1001f13a f i libucrt:output.obj
 0001:0001e154       ??$extract_argument_from_va_list@PAXPAX@?$standard_base@DV?$string_output_adapter@D@__crt_stdio_output@@@__crt_stdio_output@@IAE_NAAPAX@Z 1001f154 f i libucrt:output.obj
 0001:0001e16e       ??$extract_argument_from_va_list@PAXPAX@?$standard_base@_WV?$stream_output_adapter@_W@__crt_stdio_output@@@__crt_stdio_output@@IAE_NAAPAX@Z 1001f16e f i libucrt:output.obj
 0001:0001e188       ??$extract_argument_from_va_list@PAXPAX@?$standard_base@_WV?$string_output_adapter@_W@__crt_stdio_output@@@__crt_stdio_output@@IAE_NAAPAX@Z 1001f188 f i libucrt:output.obj
 0001:0001e1a2       ??$extract_argument_from_va_list@U_CRT_DOUBLE@@U1@@?$positional_parameter_base@DV?$stream_output_adapter@D@__crt_stdio_output@@@__crt_stdio_output@@IAE_NAAU_CRT_DOUBLE@@@Z 1001f1a2 f i libucrt:output.obj
 0001:0001e228       ??$extract_argument_from_va_list@U_CRT_DOUBLE@@U1@@?$positional_parameter_base@DV?$string_output_adapter@D@__crt_stdio_output@@@__crt_stdio_output@@IAE_NAAU_CRT_DOUBLE@@@Z 1001f228 f i libucrt:output.obj
[...]
 0002:0000c6c0       __sehtable$??$?RV<lambda_2866be3712abc81a800a822484c830d8>@@AAV<lambda_39ca0ed439415581b5b15c265174cece>@@V<lambda_2b24c74d71094a6cd0cb82e44167d71b>@@@?$__crt_seh_guarded_call@X@@QAEX$$QAV<lambda_2866be3712abc81a800a822484c830d8>@@AAV<lambda_39ca0ed439415581b5b15c265174cece>@@$$QAV<lambda_2b24c74d71094a6cd0cb82e44167d71b>@@@Z 100606c0     libucrt:fflush.obj
 0002:0000c6e0       __sehtable$??$?RV<lambda_2cc53f568c5a2bb6f192f930a45d44ea>@@AAV<lambda_ab61a845afdef5b7c387490eaf3616ee>@@V<lambda_c2ffc0b7726aa6be21d5f0026187e748>@@@?$__crt_seh_guarded_call@X@@QAEX$$QAV<lambda_2cc53f568c5a2bb6f192f930a45d44ea>@@AAV<lambda_ab61a845afdef5b7c387490eaf3616ee>@@$$QAV<lambda_c2ffc0b7726aa6be21d5f0026187e748>@@@Z 100606e0     libucrt:fflush.obj
 0002:0000c700       __sehtable$??$?RV<lambda_6d20deecaf4856105ebacbad442d1079>@@AAV<lambda_9a32fed5bf61b6b509b2d3f6003082a1>@@V<lambda_63ea2239ed67c638ddbae41947fdf875>@@@?$__crt_seh_guarded_call@H@@QAEH$$QAV<lambda_6d20deecaf4856105ebacbad442d1079>@@AAV<lambda_9a32fed5bf61b6b509b2d3f6003082a1>@@$$QAV<lambda_63ea2239ed67c638ddbae41947fdf875>@@@Z 10060700     libucrt:fflush.obj
 0002:0000c720       __sehtable$?update_thread_multibyte_data_internal@@YAPAU__crt_multibyte_data@@QAU__acrt_ptd@@QAPAU1@@Z 10060720     libucrt:mbctype.obj
 0002:0000c740       __sehtable$??$?RV<lambda_ceb1ee4838e85a9d631eb091e2fbe199>@@AAV<lambda_ae742caa10f662c28703da3d2ea5e57e>@@V<lambda_cd08b5d6af4937fe54fc07d0c9bf6b37>@@@?$__crt_seh_guarded_call@X@@QAEX$$QAV<lambda_ceb1ee4838e85a9d631eb091e2fbe199>@@AAV<lambda_ae742caa10f662c28703da3d2ea5e57e>@@$$QAV<lambda_cd08b5d6af4937fe54fc07d0c9bf6b37>@@@Z 10060740     libucrt:mbctype.obj
 0002:0000c760       __sehtable$__query_new_handler 10060760     libucrt:new_handler.obj
 0002:0000c780       __sehtable$__set_new_handler 10060780     libucrt:new_handler.obj
 0002:0000c7a0       __sehtable$_signal         100607a0     libucrt:signal.obj
 0002:0000c7c0       __sehtable$_raise          100607c0     libucrt:signal.obj
 0002:0000c7e0       __sehtable$?ctrlevent_capture@@YGHK@Z 100607e0     libucrt:signal.obj
 0002:0000c800       __sehtable$??$?RV<lambda_cbab9ec6f41b0180b23cc171c22676b0>@@AAV<lambda_44731a7d0e6d81c3e6aa82d741081786>@@V<lambda_4b292cb8dd18144e164572427af410ab>@@@?$__crt_seh_guarded_call@P6AXH@Z@@QAEP6AXH@Z$$QAV<lambda_cbab9ec6f41b0180b23cc171c22676b0>@@AAV<lambda_44731a7d0e6d81c3e6aa82d741081786>@@$$QAV<lambda_4b292cb8dd18144e164572427af410ab>@@@Z 10060800     libucrt:signal.obj
 0002:0000c820       __sehtable$___acrt_update_thread_locale_data 10060820     libucrt:locale_refcounting.obj
 0002:0000c840       __sehtable$__fcloseall     10060840     libucrt:closeall.obj
 0002:0000c860       __sehtable$??$?RV<lambda_9e9de3de5fa147e2223d7db92bc10aa6>@@AAV<lambda_38ce7e780aa69e748d6df282ebc68efe>@@V<lambda_8ca6da459f0f6780f1cff60fdc3d00e5>@@@?$__crt_seh_guarded_call@H@@QAEH$$QAV<lambda_9e9de3de5fa147e2223d7db92bc10aa6>@@AAV<lambda_38ce7e780aa69e748d6df282ebc68efe>@@$$QAV<lambda_8ca6da459f0f6780f1cff60fdc3d00e5>@@@Z 10060860     libucrt:commit.obj
 0002:0000c880       __sehtable$___set_fpsr_sse2 10060880     libucrt:fpctrl.obj
 0002:0000c8a0       __sehtable$__IsNonwritableInCurrentImage 100608a0     LIBCMT:pesect.obj
 0002:0000c8c0       .edata                     100608c0     zlibwapi.exp
 0002:0000c8e8       rgpv                       100608e8     zlibwapi.exp
 0002:0000cba4       rgszName                   10060ba4     zlibwapi.exp
 0002:0000cda8       rgwOrd                     10060da8     zlibwapi.exp
 0002:0000ceaa       szName                     10060eaa     zlibwapi.exp
 0002:0000ceb7       $N00001                    10060eb7     zlibwapi.exp
 0002:0000cebf       $N00140                    10060ebf     zlibwapi.exp
 0002:0000cecf       $N00174                    10060ecf     zlibwapi.exp
 0002:0000ced9       $N00039                    10060ed9     zlibwapi.exp
 0002:0000cee3       $N00002                    10060ee3     zlibwapi.exp
 0002:0000ceec       $N00046                    10060eec     zlibwapi.exp
 0002:0000cefa       $N00003                    10060efa     zlibwapi.exp
 0002:0000cf00       $N00142                    10060f00     zlibwapi.exp
 0002:0000cf0e       $N00175                    10060f0e     zlibwapi.exp
 0002:0000cf16       $N00004                    10060f16     zlibwapi.exp
 0002:0000cf1e       $N00047                    10060f1e     zlibwapi.exp
 0002:0000cf2b       $N00005                    10060f2b     zlibwapi.exp
 0002:0000cf37       $N00006                    10060f37     zlibwapi.exp
 0002:0000cf42       $N00173                    10060f42     zlibwapi.exp
 0002:0000cf57       $N00007                    10060f57     zlibwapi.exp
 0002:0000cf65       $N00008                    10060f65     zlibwapi.exp
 0002:0000cf72       $N00009                    10060f72     zlibwapi.exp
 0002:0000cf80       $N00052                    10060f80     zlibwapi.exp
 0002:0000cf8f       $N00051                    10060f8f     zlibwapi.exp
 0002:0000cf9c       $N00010                    10060f9c     zlibwapi.exp
 0002:0000cfa9       $N00164                    10060fa9     zlibwapi.exp
 0002:0000cfba       $N00011                    10060fba     zlibwapi.exp
 0002:0000cfcf       $N00144                    10060fcf     zlibwapi.exp
 0002:0000cfe0       $N00145                    10060fe0     zlibwapi.exp
 0002:0000cfec       $N00110                    10060fec     zlibwapi.exp
 0002:0000d000       $N00111                    10061000     zlibwapi.exp
 0002:0000d016       $N00112                    10061016     zlibwapi.exp
 0002:0000d02d       $N00113                    1006102d     zlibwapi.exp
 0002:0000d044       $N00038                    10061044     zlibwapi.exp
 0002:0000d052       $N00146                    10061052     zlibwapi.exp
 0002:0000d05b       $N00048                    1006105b     zlibwapi.exp
 0002:0000d066       $N00012                    10061066     zlibwapi.exp
 0002:0000d06e       $N00147                    1006106e     zlibwapi.exp
 0002:0000d078       $N00148                    10061078     zlibwapi.exp
 0002:0000d082       $N00149                    10061082     zlibwapi.exp
 0002:0000d08b       $N00013                    1006108b     zlibwapi.exp
 0002:0000d093       $N00034                    10061093     zlibwapi.exp
 0002:0000d099       $N00014                    10061099     zlibwapi.exp
 0002:0000d0a1       $N00015                    100610a1     zlibwapi.exp
 0002:0000d0a9       $N00171                    100610a9     zlibwapi.exp
 0002:0000d0b1       $N00172                    100610b1     zlibwapi.exp
 0002:0000d0ba       $N00030                    100610ba     zlibwapi.exp
 0002:0000d0c1       $N00161                    100610c1     zlibwapi.exp
 0002:0000d0c9       $N00041                    100610c9     zlibwapi.exp
 0002:0000d0d0       $N00150                    100610d0     zlibwapi.exp
 0002:0000d0d9       $N00016                    100610d9     zlibwapi.exp
 0002:0000d0e0       $N00165                    100610e0     zlibwapi.exp
 0002:0000d0e9       $N00028                    100610e9     zlibwapi.exp
 0002:0000d0f2       $N00029                    100610f2     zlibwapi.exp
 0002:0000d0f9       $N00040                    100610f9     zlibwapi.exp
 0002:0000d100       $N00017                    10061100     zlibwapi.exp
 0002:0000d107       $N00032                    10061107     zlibwapi.exp
 0002:0000d110       $N00031                    10061110     zlibwapi.exp
 0002:0000d117       $N00035                    10061117     zlibwapi.exp
 0002:0000d123       $N00033                    10061123     zlibwapi.exp
 0002:0000d12a       $N00049                    1006112a     zlibwapi.exp
 0002:0000d133       $N00167                    10061133     zlibwapi.exp
 0002:0000d13d       $N00018                    1006113d     zlibwapi.exp
 0002:0000d145       $N00019                    10061145     zlibwapi.exp
 0002:0000d14d       $N00044                    1006114d     zlibwapi.exp
 0002:0000d159       $N00045                    10061159     zlibwapi.exp
 0002:0000d168       $N00043                    10061168     zlibwapi.exp
 0002:0000d179       $N00168                    10061179     zlibwapi.exp
 0002:0000d18a       $N00042                    1006118a     zlibwapi.exp
 0002:0000d196       $N00020                    10061196     zlibwapi.exp
 0002:0000d1a1       $N00166                    100611a1     zlibwapi.exp
 0002:0000d1b6       $N00156                    100611b6     zlibwapi.exp
 0002:0000d1c7       $N00021                    100611c7     zlibwapi.exp
 0002:0000d1d5       $N00022                    100611d5     zlibwapi.exp
 0002:0000d1e2       $N00157                    100611e2     zlibwapi.exp
 0002:0000d1ee       $N00158                    100611ee     zlibwapi.exp
 0002:0000d1fb       $N00159                    100611fb     zlibwapi.exp
 0002:0000d209       $N00023                    10061209     zlibwapi.exp
 0002:0000d216       $N00163                    10061216     zlibwapi.exp
 0002:0000d227       $N00024                    10061227     zlibwapi.exp
 0002:0000d23c       $N00025                    1006123c     zlibwapi.exp
 0002:0000d248       $N00037                    10061248     zlibwapi.exp
 0002:0000d259       $N00160                    10061259     zlibwapi.exp
 0002:0000d26a       $N00169                    1006126a     zlibwapi.exp
 0002:0000d27a       $N00170                    1006127a     zlibwapi.exp
 0002:0000d286       $N00026                    10061286     zlibwapi.exp
 0002:0000d291       $N00062                    10061291     zlibwapi.exp
 0002:0000d29a       $N00072                    1006129a     zlibwapi.exp
 0002:0000d2ae       $N00124                    100612ae     zlibwapi.exp
 0002:0000d2c6       $N00064                    100612c6     zlibwapi.exp
 0002:0000d2dc       $N00125                    100612dc     zlibwapi.exp
 0002:0000d2fa       $N00127                    100612fa     zlibwapi.exp
 0002:0000d30a       $N00100                    1006130a     zlibwapi.exp
 0002:0000d318       $N00073                    10061318     zlibwapi.exp
 0002:0000d32c       $N00122                    1006132c     zlibwapi.exp
 0002:0000d33f       $N00063                    1006133f     zlibwapi.exp
 0002:0000d350       $N00076                    10061350     zlibwapi.exp
 0002:0000d366       $N00128                    10061366     zlibwapi.exp
 0002:0000d377       $N00101                    10061377     zlibwapi.exp
 0002:0000d386       $N00065                    10061386     zlibwapi.exp
 0002:0000d397       $N00066                    10061397     zlibwapi.exp
 0002:0000d3a7       $N00075                    100613a7     zlibwapi.exp
 0002:0000d3b5       $N00077                    100613b5     zlibwapi.exp
 0002:0000d3be       $N00121                    100613be     zlibwapi.exp
 0002:0000d3ca       $N00120                    100613ca     zlibwapi.exp
 0002:0000d3d4       $N00061                    100613d4     zlibwapi.exp
 0002:0000d3dc       $N00078                    100613dc     zlibwapi.exp
 0002:0000d3f0       $N00069                    100613f0     zlibwapi.exp
 0002:0000d404       $N00067                    10061404     zlibwapi.exp
 0002:0000d417       $N00079                    10061417     zlibwapi.exp
 0002:0000d432       $N00068                    10061432     zlibwapi.exp
 0002:0000d445       $N00074                    10061445     zlibwapi.exp
 0002:0000d45e       $N00071                    1006145e     zlibwapi.exp
 0002:0000d465       $N00126                    10061465     zlibwapi.exp
 0002:0000d46f       $N00070                    1006146f     zlibwapi.exp
 0002:0000d477       $N00036                    10061477     zlibwapi.exp
 0002:0000d47e       $N00084                    1006147e     zlibwapi.exp
 0002:0000d487       $N00083                    10061487     zlibwapi.exp
 0002:0000d499       $N00136                    10061499     zlibwapi.exp
 0002:0000d4b0       $N00087                    100614b0     zlibwapi.exp
 0002:0000d4c5       $N00088                    100614c5     zlibwapi.exp
 0002:0000d4ce       $N00131                    100614ce     zlibwapi.exp
 0002:0000d4da       $N00130                    100614da     zlibwapi.exp
 0002:0000d4e4       $N00080                    100614e4     zlibwapi.exp
 0002:0000d4ec       $N00086                    100614ec     zlibwapi.exp
 0002:0000d501       $N00133                    10061501     zlibwapi.exp
 0002:0000d519       $N00089                    10061519     zlibwapi.exp
 0002:0000d52e       $N00134                    1006152e     zlibwapi.exp
 0002:0000d546       $N00135                    10061546     zlibwapi.exp
 0002:0000d55e       $N00132                    1006155e     zlibwapi.exp
 0002:0000d574       $N00081                    10061574     zlibwapi.exp
 0002:0000d588       $N00082                    10061588     zlibwapi.exp
 0002:0000d59c       $N00050                    1006159c     zlibwapi.exp
 0002:0000d5ad       $N00027                    100615ad     zlibwapi.exp
 0002:0000d794       .idata$6                   10061794     kernel32:KERNEL32.dll
 0003:00000020       ?__vcrt_flsindex@@3KA      10062020     libvcruntime:per_thread_data.obj
 0003:00000140       ?errno_no_memory@@3HA      10062140     libucrt:errno.obj
 0003:00000144       ?doserrno_no_memory@@3KA   10062144     libucrt:errno.obj
 0003:00000188       ?__acrt_flsindex@@3KA      10062188     libucrt:per_thread_data.obj
 0003:0000018c       __ctype_loc_style          1006218c     libucrt:wsetlocale.obj
 0003:00000528       __mbctypes                 10062528     libucrt:mbctype.obj
 0003:00000630       __mbcasemaps               10062630     libucrt:mbctype.obj
 0003:00000730       ?__rgctypeflag@@3PADA      10062730     libucrt:mbctype.obj
 0003:00000738       ?__rgcode_page_info@@3PAUcode_page_info@@A 10062738     libucrt:mbctype.obj
 0003:0000088c       ?__dcrt_lowio_console_output_handle@@3PAXA 1006288c     libucrt:initcon.obj
 0003:00000890       ?__DAZ_ENABLED@?1??__set_fpsr_sse2@@9@9 10062890     libucrt:fpctrl.obj
 0003:000009c0       ?__proc_attached@@3HA      100629c0     LIBCMT:dll_dllmain.obj
 0003:000009e8       ?is_initialized_as_dll@@3_NA 100629e8     LIBCMT:utility.obj
 0003:000009e9       ?module_local_atexit_table_initialized@@3_NA 100629e9     LIBCMT:utility.obj
 0003:000009ec       ?module_local_atexit_table@@3U_onexit_table_t@@A 100629ec     LIBCMT:utility.obj
 0003:000009f8       ?module_local_at_quick_exit_table@@3U_onexit_table_t@@A 100629f8     LIBCMT:utility.obj
 0003:00000a10       _GS_ExceptionRecord        10062a10     LIBCMT:gs_report.obj
 0003:00000a60       _GS_ContextRecord          10062a60     LIBCMT:gs_report.obj
 0003:00000d54       ?heap@@3V_HeapManager@@A   10062d54     libvcruntime:undname.obj
 0003:00000d68       ?__vcrt_startup_thread_ptd@@3U__vcrt_ptd@@A 10062d68     libvcruntime:per_thread_data.obj
 0003:00000d90       ___vcrt_lock_table         10062d90     libvcruntime:locks.obj
 0003:00000da8       ___vcrt_locks_initialized  10062da8     libvcruntime:locks.obj
 0003:00000dac       ?module_handles@@3PAPAUHINSTANCE__@@A 10062dac     libvcruntime:winapi_downlevel.obj
 0003:00000db8       ?encoded_function_pointers@@3PAPAXA 10062db8     libvcruntime:winapi_downlevel.obj
 0003:00000dd4       ?c_termination_complete@@3JA 10062dd4     libucrt:exit.obj
 0003:00000dd8       ?thread_local_exit_callback_func@@3P6GXPAXK0@ZA 10062dd8     libucrt:exit.obj
 0003:00000de0       ?program_name@?1???$common_configure_argv@D@@YAHW4_crt_argv_mode@@@Z@4PADA 10062de0     libucrt:argv_parsing.obj
 0003:00000ee8       ?program_name@?1???$common_configure_argv@_W@@YAHW4_crt_argv_mode@@@Z@4PA_WA 10062ee8     libucrt:argv_parsing.obj
 0003:0000111c       ?__acrt_invalid_parameter_handler@@3V?$dual_state_global@P6AXPB_W00II@Z@__crt_state_management@@A 1006311c     libucrt:invalid_parameter.obj
 0003:00001328       ?module_handles@@3PAPAUHINSTANCE__@@A 10063328     libucrt:winapi_thunks.obj
 0003:00001378       ?encoded_function_pointers@@3PAPAXA 10063378     libucrt:winapi_thunks.obj
 0003:00001400       ?static_enum_proc@?1??enum_system_locales_ex_nolock@@YAHQ6GHPA_WKJ@Z@Z@4P6GH0KJ@ZA 10063400     libucrt:winapi_thunks.obj
 0003:00001410       ?internal_state@?1??_mbtowc_l@@9@4U_Mbstatet@@A 10063410     libucrt:mbtowc.obj
 0003:00001424       ?enable_percent_n@@3IA     10063424     libucrt:printf_count_output.obj
 0003:00001430       ?__acrt_lock_table@@3PAU_RTL_CRITICAL_SECTION@@A 10063430     libucrt:locks.obj
 0003:00001580       ?__acrt_locks_initialized@@3IA 10063580     libucrt:locks.obj
 0003:00001584       ?state_cache@?1???$get_cached_win_policy@Ubegin_thread_init_policy_properties@?1??__acrt_get_begin_thread_init_policy@@YA?AW4begin_thread_init_policy@@XZ@@@YA?AW4begin_thread_init_policy@@W4AppPolicyThreadInitializationType@@@Z@4JA 10063584     libucrt:win_policies.obj
 0003:00001588       ?state_cache@?1???$get_cached_win_policy@Udeveloper_information_policy_properties@?1??__acrt_get_developer_information_policy@@YA?AW4developer_information_policy@@XZ@@@YA?AW4developer_information_policy@@W4AppPolicyShowDeveloperDiagnostic@@@Z@4JA 10063588     libucrt:win_policies.obj
 0003:0000158c       ?state_cache@?1???$get_cached_win_policy@Uwindowing_model_policy_properties@?1??__acrt_get_windowing_model_policy@@YA?AW4windowing_model_policy@@XZ@@@YA?AW4windowing_model_policy@@W4AppPolicyWindowingModel@@@Z@4JA 1006358c     libucrt:win_policies.obj
 0003:0000159c       ?fSystemSet@@3HA           1006359c     libucrt:mbctype.obj
 0003:000015a0       ?initialized@?1??__acrt_initialize_multibyte@@9@4_NA 100635a0     libucrt:mbctype.obj
 0003:000015c4       ?__acrt_new_handler@@3V?$dual_state_global@P6AHI@Z@__crt_state_management@@A 100635c4     libucrt:new_handler.obj
 0003:000015c8       ?console_ctrl_handler_installed@@3_NA 100635c8     libucrt:signal.obj
 0003:000015cc       ?ctrlc_action@@3V?$dual_state_global@P6AXH@Z@__crt_state_management@@A 100635cc     libucrt:signal.obj
 0003:000015d0       ?ctrlbreak_action@@3V?$dual_state_global@P6AXH@Z@__crt_state_management@@A 100635d0     libucrt:signal.obj
 0003:000015d4       ?abort_action@@3V?$dual_state_global@P6AXH@Z@__crt_state_management@@A 100635d4     libucrt:signal.obj
 0003:000015d8       ?term_action@@3V?$dual_state_global@P6AXH@Z@__crt_state_management@@A 100635d8     libucrt:signal.obj
 0003:000015dc       ?user_matherr@@3V?$dual_state_global@P6AHPAU_exception@@@Z@__crt_state_management@@A 100635dc     libucrt:matherr.obj
 0003:000015e0       ?__acrt_app_type@@3W4_crt_app_type@@A 100635e0     libucrt:report_runtime_error.obj
 0003:000015e8       ?outmsg@?9??__acrt_report_runtime_error@@9@4PA_WA 100635e8     libucrt:report_runtime_error.obj
 0003:00001c10       ?__acrt_global_new_mode@@3V?$dual_state_global@J@__crt_state_management@@A 10063c10     libucrt:new_mode.obj
 0003:00001c20       ?internal_pst@?1??__c16rtomb_utf8@__crt_mbstring@@YAIPAD_SPAU_Mbstatet@@@Z@4U3@A 10063c20     libucrt:c16rtomb.obj
 0003:00001c28       ?mbst@?1??mbrlen@@9@4U_Mbstatet@@A 10063c28     libucrt:mbrtowc.obj
 0003:00001c30       ?mbst@?1??mbrtowc@@9@4U_Mbstatet@@A 10063c30     libucrt:mbrtowc.obj
 0003:00001c38       ?mbst@?1??_mbsrtowcs_helper@@YAIPA_WPAPBDIPAU_Mbstatet@@@Z@4U2@A 10063c38     libucrt:mbrtowc.obj
 0003:00001c44       ___acrt_error_mode         10063c44     libucrt:set_error_mode.obj
 0003:00001c48       ?internal_pst@?1??__mbrtoc32_utf8@__crt_mbstring@@YAIPA_UPBDIPAU_Mbstatet@@@Z@4U3@A 10063c48     libucrt:mbrtoc32.obj
 0003:00001c54       __pmatherr_set             10063c54     libucrt:libm_error.obj
 0003:00001c58       ?calls@?1??crypthead@@9@9  10063c58     zip.obj
 0004:00000060       $R000000                   10064060     zlib.res
